Component: ARM Compiler 5.06 update 7 (build 960) Tool: armlink [4d3601]

==============================================================================

Section Cross References

    arduino.o(i.DigitalWriteOld) refers to strcmpv7m.o(.text) for strcmp
    arduino.o(i.DigitalWriteOld) refers to led.o(i.LedRossoOn) for LedRossoOn
    arduino.o(i.DigitalWriteOld) refers to led.o(i.LedRossoOff) for LedRossoOff
    arduino.o(i.DigitalWriteOld) refers to led.o(i.LedVerdeOn) for LedVerdeOn
    arduino.o(i.DigitalWriteOld) refers to led.o(i.LedVerdeOff) for LedVerdeOff
    arduino.o(i.PinModeOld) refers to strcmpv7m.o(.text) for strcmp
    arduino.o(i.PinModeOld) refers to led.o(i.LedRossoInit) for LedRossoInit
    arduino.o(i.PinModeOld) refers to led.o(i.LedVerdeInit) for LedVerdeInit
    arduino.o(i.PinModeOld) refers to puls.o(i.SwCenterInit) for SwCenterInit
    arduino.o(i.PinModeOld) refers to puls.o(i.SwLeftInit) for SwLeftInit
    arduino.o(i.PinModeOld) refers to puls.o(i.SwRightInit) for SwRightInit
    arduino.o(i.PinModeOld) refers to puls.o(i.SwUpInit) for SwUpInit
    arduino.o(i.PinModeOld) refers to puls.o(i.SwDownInit) for SwDownInit
    clock.o(i.MSIInit) refers to system_stm32l4xx.o(i.SystemCoreClockUpdate) for SystemCoreClockUpdate
    clock.o(i.pllInit) refers to system_stm32l4xx.o(i.SystemCoreClockUpdate) for SystemCoreClockUpdate
    led.o(i.LedBlink) refers to tasks.o(i.vTaskDelay) for vTaskDelay
    led.o(i.LedBlink) refers to led.o(i.LedRossoToggle) for LedRossoToggle
    led.o(i.LedInit) refers to led.o(i.LedRossoInit) for LedRossoInit
    led.o(i.LedInit) refers to led.o(i.LedVerdeInit) for LedVerdeInit
    led.o(i.LedRossoBlink) refers to tasks.o(i.vTaskDelay) for vTaskDelay
    led.o(i.LedRossoBlink) refers to led.o(i.LedRossoToggle) for LedRossoToggle
    led.o(i.LedRossoBlinkTask) refers to led.o(i.LedRossoToggle) for LedRossoToggle
    led.o(i.LedRossoBlinkTask) refers to tasks.o(i.vTaskDelay) for vTaskDelay
    led.o(i.LedRossoTask) refers to led.o(i.LedRossoOn) for LedRossoOn
    led.o(i.LedRossoTask) refers to tasks.o(i.vTaskDelay) for vTaskDelay
    led.o(i.LedRossoTask) refers to led.o(i.LedRossoOff) for LedRossoOff
    led.o(i.LedTest) refers to tasks.o(i.vTaskDelay) for vTaskDelay
    led.o(i.LedTest) refers to led.o(i.LedRossoToggle) for LedRossoToggle
    led.o(i.LedTest) refers to led.o(i.LedVerdeToggle) for LedVerdeToggle
    led.o(i.LedVerdeBlink) refers to tasks.o(i.vTaskDelay) for vTaskDelay
    led.o(i.LedVerdeBlink) refers to led.o(i.LedVerdeToggle) for LedVerdeToggle
    led.o(i.LedVerdeBlinkTask) refers to led.o(i.LedVerdeToggle) for LedVerdeToggle
    led.o(i.LedVerdeBlinkTask) refers to tasks.o(i.vTaskDelay) for vTaskDelay
    led.o(i.LedVerdeTask) refers to led.o(i.LedVerdeOn) for LedVerdeOn
    led.o(i.LedVerdeTask) refers to tasks.o(i.vTaskDelay) for vTaskDelay
    led.o(i.LedVerdeTask) refers to led.o(i.LedVerdeOff) for LedVerdeOff
    main.o(i.main) refers to clock.o(i.pllInit) for pllInit
    main.o(i.main) refers to puls.o(i.SwInit) for SwInit
    main.o(i.main) refers to led.o(i.LedInit) for LedInit
    main.o(i.main) refers to tasks.o(i.xTaskCreate) for xTaskCreate
    main.o(i.main) refers to event_groups.o(i.xEventGroupCreate) for xEventGroupCreate
    main.o(i.main) refers to tasks.o(i.vTaskStartScheduler) for vTaskStartScheduler
    main.o(i.main) refers to main.o(i.vTaskLedRossoToggle) for vTaskLedRossoToggle
    main.o(i.main) refers to main.o(i.vTaskPA0) for vTaskPA0
    main.o(i.main) refers to main.o(.data) for xEventGroup
    main.o(i.vTaskLedRossoToggle) refers to event_groups.o(i.xEventGroupWaitBits) for xEventGroupWaitBits
    main.o(i.vTaskLedRossoToggle) refers to led.o(i.LedRossoToggle) for LedRossoToggle
    main.o(i.vTaskLedRossoToggle) refers to main.o(.data) for xEventGroup
    main.o(i.vTaskPA0) refers to arduino.o(i.digitalRead) for digitalRead
    main.o(i.vTaskPA0) refers to event_groups.o(i.xEventGroupSetBits) for xEventGroupSetBits
    main.o(i.vTaskPA0) refers to main.o(.data) for xEventGroup
    puls.o(i.LedVerdeSwTask) refers to led.o(i.LedVerdeToggle) for LedVerdeToggle
    puls.o(i.LedVerdeSwTask) refers to tasks.o(i.vTaskDelay) for vTaskDelay
    puls.o(i.LedVerdeSwTask) refers to puls.o(.data) for click
    puls.o(i.SwCenterPress) refers to arduino.o(i.digitalRead) for digitalRead
    puls.o(i.SwDownLPress) refers to puls.o(i.SwDownPress) for SwDownPress
    puls.o(i.SwDownLPress) refers to tasks.o(i.vTaskDelay) for vTaskDelay
    puls.o(i.SwDownPress) refers to arduino.o(i.digitalRead) for digitalRead
    puls.o(i.SwInit) refers to puls.o(i.SwCenterInit) for SwCenterInit
    puls.o(i.SwInit) refers to puls.o(i.SwLeftInit) for SwLeftInit
    puls.o(i.SwInit) refers to puls.o(i.SwRightInit) for SwRightInit
    puls.o(i.SwInit) refers to puls.o(i.SwUpInit) for SwUpInit
    puls.o(i.SwInit) refers to puls.o(i.SwDownInit) for SwDownInit
    puls.o(i.SwLeftClick) refers to arduino.o(i.digitalRead) for digitalRead
[...]
    ../clib/printf.c                         0x00000000   Number         0  __printf_ss_wp.o ABSOLUTE
    ../clib/printf.c                         0x00000000   Number         0  __printf_flags_wp.o ABSOLUTE
    ../clib/printf.c                         0x00000000   Number         0  __printf_wp.o ABSOLUTE
    ../clib/printf.c                         0x00000000   Number         0  __printf_ss.o ABSOLUTE
    ../clib/printf_percent.s                 0x00000000   Number         0  _printf_percent.o ABSOLUTE
    ../clib/printf_percent.s                 0x00000000   Number         0  _printf_f.o ABSOLUTE
    ../clib/printf_percent.s                 0x00000000   Number         0  _printf_percent_end.o ABSOLUTE
    ../clib/signal.c                         0x00000000   Number         0  defsig_fpe_inner.o ABSOLUTE
    ../clib/signal.c                         0x00000000   Number         0  defsig_segv_inner.o ABSOLUTE
    ../clib/signal.c                         0x00000000   Number         0  defsig_rtmem_formal.o ABSOLUTE
    ../clib/signal.c                         0x00000000   Number         0  defsig_rtmem_outer.o ABSOLUTE
    ../clib/signal.c                         0x00000000   Number         0  defsig_rtred_inner.o ABSOLUTE
    ../clib/signal.c                         0x00000000   Number         0  defsig_other.o ABSOLUTE
    ../clib/signal.c                         0x00000000   Number         0  defsig_abrt_inner.o ABSOLUTE
    ../clib/signal.c                         0x00000000   Number         0  defsig_general.o ABSOLUTE
    ../clib/signal.c                         0x00000000   Number         0  __raise.o ABSOLUTE
    ../clib/signal.c                         0x00000000   Number         0  defsig_rtmem_inner.o ABSOLUTE
    ../clib/signal.c                         0x00000000   Number         0  defsig_stak_inner.o ABSOLUTE
    ../clib/signal.c                         0x00000000   Number         0  defsig_pvfn_inner.o ABSOLUTE
    ../clib/signal.c                         0x00000000   Number         0  defsig_cppl_inner.o ABSOLUTE
    ../clib/signal.c                         0x00000000   Number         0  defsig_exit.o ABSOLUTE
    ../clib/signal.s                         0x00000000   Number         0  defsig.o ABSOLUTE
    ../clib/stdlib.c                         0x00000000   Number         0  exit.o ABSOLUTE
    ../fplib/dretinf.s                       0x00000000   Number         0  dretinf.o ABSOLUTE
    ../fplib/f2d.s                           0x00000000   Number         0  f2d.o ABSOLUTE
    ../fplib/fnaninf.s                       0x00000000   Number         0  fnaninf.o ABSOLUTE
    ../fplib/fpinit.s                        0x00000000   Number         0  fpinit.o ABSOLUTE
    ../fplib/istatus.s                       0x00000000   Number         0  istatus.o ABSOLUTE
    ../fplib/printf1.s                       0x00000000   Number         0  printf1.o ABSOLUTE
    ../fplib/usenofp.s                       0x00000000   Number         0  usenofp.o ABSOLUTE
    ../mathlib/fpclassify.c                  0x00000000   Number         0  fpclassify.o ABSOLUTE
    ..\Arduino.c                             0x00000000   Number         0  arduino.o ABSOLUTE
    ..\Led.c                                 0x00000000   Number         0  led.o ABSOLUTE
    ..\Puls.c                                0x00000000   Number         0  puls.o ABSOLUTE
    ..\\Arduino.c                            0x00000000   Number         0  arduino.o ABSOLUTE
    ..\\Led.c                                0x00000000   Number         0  led.o ABSOLUTE
    ..\\Puls.c                               0x00000000   Number         0  puls.o ABSOLUTE
    ..\\clock.c                              0x00000000   Number         0  clock.o ABSOLUTE
    ..\\main.c                               0x00000000   Number         0  main.o ABSOLUTE
    ..\clock.c                               0x00000000   Number         0  clock.o ABSOLUTE
    ..\main.c                                0x00000000   Number         0  main.o ABSOLUTE
    C:\Users\filippo.bilardo\AppData\Local\Arm\Packs\ARM\CMSIS-FreeRTOS\10.4.3\CMSIS\RTOS2\FreeRTOS\Source\ARM\clib_arm.c 0x00000000   Number         0  clib_arm.o ABSOLUTE
    C:\Users\filippo.bilardo\AppData\Local\Arm\Packs\ARM\CMSIS-FreeRTOS\10.4.3\CMSIS\RTOS2\FreeRTOS\Source\cmsis_os2.c 0x00000000   Number         0  cmsis_os2.o ABSOLUTE
    C:\Users\filippo.bilardo\AppData\Local\Arm\Packs\ARM\CMSIS-FreeRTOS\10.4.3\CMSIS\RTOS2\FreeRTOS\Source\freertos_evr.c 0x00000000   Number         0  freertos_evr.o ABSOLUTE
    C:\Users\filippo.bilardo\AppData\Local\Arm\Packs\ARM\CMSIS-FreeRTOS\10.4.3\CMSIS\RTOS2\FreeRTOS\Source\os_systick.c 0x00000000   Number         0  os_systick.o ABSOLUTE
    C:\Users\filippo.bilardo\AppData\Local\Arm\Packs\ARM\CMSIS-FreeRTOS\10.4.3\Source\event_groups.c 0x00000000   Number         0  event_groups.o ABSOLUTE
    C:\Users\filippo.bilardo\AppData\Local\Arm\Packs\ARM\CMSIS-FreeRTOS\10.4.3\Source\list.c 0x00000000   Number         0  list.o ABSOLUTE
    C:\Users\filippo.bilardo\AppData\Local\Arm\Packs\ARM\CMSIS-FreeRTOS\10.4.3\Source\portable\MemMang\heap_4.c 0x00000000   Number         0  heap_4.o ABSOLUTE
    C:\Users\filippo.bilardo\AppData\Local\Arm\Packs\ARM\CMSIS-FreeRTOS\10.4.3\Source\portable\RVDS\ARM_CM4F\port.c 0x00000000   Number         0  port.o ABSOLUTE
    C:\Users\filippo.bilardo\AppData\Local\Arm\Packs\ARM\CMSIS-FreeRTOS\10.4.3\Source\queue.c 0x00000000   Number         0  queue.o ABSOLUTE
    C:\Users\filippo.bilardo\AppData\Local\Arm\Packs\ARM\CMSIS-FreeRTOS\10.4.3\Source\tasks.c 0x00000000   Number         0  tasks.o ABSOLUTE
    C:\Users\filippo.bilardo\AppData\Local\Arm\Packs\ARM\CMSIS-FreeRTOS\10.4.3\Source\timers.c 0x00000000   Number         0  timers.o ABSOLUTE
    C:\\Users\\filippo.bilardo\\AppData\\Local\\Arm\\Packs\\ARM\\CMSIS-FreeRTOS\\10.4.3\\CMSIS\\RTOS2\\FreeRTOS\\Source\\ARM\\clib_arm.c 0x00000000   Number         0  clib_arm.o ABSOLUTE
    C:\\Users\\filippo.bilardo\\AppData\\Local\\Arm\\Packs\\ARM\\CMSIS-FreeRTOS\\10.4.3\\CMSIS\\RTOS2\\FreeRTOS\\Source\\cmsis_os2.c 0x00000000   Number         0  cmsis_os2.o ABSOLUTE
    C:\\Users\\filippo.bilardo\\AppData\\Local\\Arm\\Packs\\ARM\\CMSIS-FreeRTOS\\10.4.3\\CMSIS\\RTOS2\\FreeRTOS\\Source\\freertos_evr.c 0x00000000   Number         0  freertos_evr.o ABSOLUTE
    C:\\Users\\filippo.bilardo\\AppData\\Local\\Arm\\Packs\\ARM\\CMSIS-FreeRTOS\\10.4.3\\CMSIS\\RTOS2\\FreeRTOS\\Source\\os_systick.c 0x00000000   Number         0  os_systick.o ABSOLUTE
    C:\\Users\\filippo.bilardo\\AppData\\Local\\Arm\\Packs\\ARM\\CMSIS-FreeRTOS\\10.4.3\\Source\\event_groups.c 0x00000000   Number         0  event_groups.o ABSOLUTE
    C:\\Users\\filippo.bilardo\\AppData\\Local\\Arm\\Packs\\ARM\\CMSIS-FreeRTOS\\10.4.3\\Source\\list.c 0x00000000   Number         0  list.o ABSOLUTE
    C:\\Users\\filippo.bilardo\\AppData\\Local\\Arm\\Packs\\ARM\\CMSIS-FreeRTOS\\10.4.3\\Source\\portable\\MemMang\\heap_4.c 0x00000000   Number         0  heap_4.o ABSOLUTE
    C:\\Users\\filippo.bilardo\\AppData\\Local\\Arm\\Packs\\ARM\\CMSIS-FreeRTOS\\10.4.3\\Source\\portable\\RVDS\\ARM_CM4F\\port.c 0x00000000   Number         0  port.o ABSOLUTE
    C:\\Users\\filippo.bilardo\\AppData\\Local\\Arm\\Packs\\ARM\\CMSIS-FreeRTOS\\10.4.3\\Source\\queue.c 0x00000000   Number         0  queue.o ABSOLUTE
    C:\\Users\\filippo.bilardo\\AppData\\Local\\Arm\\Packs\\ARM\\CMSIS-FreeRTOS\\10.4.3\\Source\\tasks.c 0x00000000   Number         0  tasks.o ABSOLUTE
    C:\\Users\\filippo.bilardo\\AppData\\Local\\Arm\\Packs\\ARM\\CMSIS-FreeRTOS\\10.4.3\\Source\\timers.c 0x00000000   Number         0  timers.o ABSOLUTE
    RTE\Device\STM32L476VGTx\startup_stm32l476xx.s 0x00000000   Number         0  startup_stm32l476xx.o ABSOLUTE
    RTE\Device\STM32L476VGTx\system_stm32l4xx.c 0x00000000   Number         0  system_stm32l4xx.o ABSOLUTE
    RTE\\Device\\STM32L476VGTx\\system_stm32l4xx.c 0x00000000   Number         0  system_stm32l4xx.o ABSOLUTE
    dc.s                                     0x00000000   Number         0  dc.o ABSOLUTE
    RESET                                    0x08000000   Section      392  startup_stm32l476xx.o(RESET)
    !!!main                                  0x08000188   Section        8  __main.o(!!!main)
    !!!scatter                               0x08000190   Section       52  __scatter.o(!!!scatter)
    !!handler_copy                           0x080001c4   Section       26  __scatter_copy.o(!!handler_copy)
    !!handler_zi                             0x080001e0   Section       28  __scatter_zi.o(!!handler_zi)
    .ARM.Collect$$libinit$$00000000          0x080001fc   Section        2  libinit.o(.ARM.Collect$$libinit$$00000000)
    .ARM.Collect$$libinit$$00000001          0x080001fe   Section        4  libinit2.o(.ARM.Collect$$libinit$$00000001)
    .ARM.Collect$$libinit$$00000004          0x08000202   Section        0  libinit2.o(.ARM.Collect$$libinit$$00000004)
    .ARM.Collect$$libinit$$0000000A          0x08000202   Section        0  libinit2.o(.ARM.Collect$$libinit$$0000000A)
    .ARM.Collect$$libinit$$0000000C          0x08000202   Section        0  libinit2.o(.ARM.Collect$$libinit$$0000000C)
    .ARM.Collect$$libinit$$0000000E          0x08000202   Section        0  libinit2.o(.ARM.Collect$$libinit$$0000000E)
    .ARM.Collect$$libinit$$00000011          0x08000202   Section        0  libinit2.o(.ARM.Collect$$libinit$$00000011)
    .ARM.Collect$$libinit$$00000013          0x08000202   Section        0  libinit2.o(.ARM.Collect$$libinit$$00000013)
    .ARM.Collect$$libinit$$00000015          0x08000202   Section        0  libinit2.o(.ARM.Collect$$libinit$$00000015)
    .ARM.Collect$$libinit$$00000017          0x08000202   Section        0  libinit2.o(.ARM.Collect$$libinit$$00000017)
    .ARM.Collect$$libinit$$00000019          0x08000202   Section        0  libinit2.o(.ARM.Collect$$libinit$$00000019)
    .ARM.Collect$$libinit$$0000001B          0x08000202   Section        0  libinit2.o(.ARM.Collect$$libinit$$0000001B)
    .ARM.Collect$$libinit$$0000001D          0x08000202   Section        0  libinit2.o(.ARM.Collect$$libinit$$0000001D)
    .ARM.Collect$$libinit$$0000001F          0x08000202   Section        0  libinit2.o(.ARM.Collect$$libinit$$0000001F)
    .ARM.Collect$$libinit$$00000021          0x08000202   Section        0  libinit2.o(.ARM.Collect$$libinit$$00000021)
    .ARM.Collect$$libinit$$00000023          0x08000202   Section        0  libinit2.o(.ARM.Collect$$libinit$$00000023)
    .ARM.Collect$$libinit$$00000025          0x08000202   Section        0  libinit2.o(.ARM.Collect$$libinit$$00000025)
    .ARM.Collect$$libinit$$0000002C          0x08000202   Section        0  libinit2.o(.ARM.Collect$$libinit$$0000002C)
    .ARM.Collect$$libinit$$0000002E          0x08000202   Section        0  libinit2.o(.ARM.Collect$$libinit$$0000002E)
    .ARM.Collect$$libinit$$00000030          0x08000202   Section        0  libinit2.o(.ARM.Collect$$libinit$$00000030)
    .ARM.Collect$$libinit$$00000032          0x08000202   Section        0  libinit2.o(.ARM.Collect$$libinit$$00000032)
    .ARM.Collect$$libinit$$00000033          0x08000202   Section        2  libinit2.o(.ARM.Collect$$libinit$$00000033)
    .ARM.Collect$$libshutdown$$00000000      0x08000204   Section        2  libshutdown.o(.ARM.Collect$$libshutdown$$00000000)
    .ARM.Collect$$libshutdown$$00000002      0x08000206   Section        0  libshutdown2.o(.ARM.Collect$$libshutdown$$00000002)
    .ARM.Collect$$libshutdown$$00000004      0x08000206   Section        0  libshutdown2.o(.ARM.Collect$$libshutdown$$00000004)
    .ARM.Collect$$libshutdown$$00000006      0x08000206   Section        0  libshutdown2.o(.ARM.Collect$$libshutdown$$00000006)
    .ARM.Collect$$libshutdown$$00000009      0x08000206   Section        0  libshutdown2.o(.ARM.Collect$$libshutdown$$00000009)
    .ARM.Collect$$libshutdown$$0000000C      0x08000206   Section        0  libshutdown2.o(.ARM.Collect$$libshutdown$$0000000C)
    .ARM.Collect$$libshutdown$$0000000E      0x08000206   Section        0  libshutdown2.o(.ARM.Collect$$libshutdown$$0000000E)
    .ARM.Collect$$libshutdown$$00000011      0x08000206   Section        0  libshutdown2.o(.ARM.Collect$$libshutdown$$00000011)
    .ARM.Collect$$libshutdown$$00000012      0x08000206   Section        2  libshutdown2.o(.ARM.Collect$$libshutdown$$00000012)
    .ARM.Collect$$rtentry$$00000000          0x08000208   Section        0  __rtentry.o(.ARM.Collect$$rtentry$$00000000)
    .ARM.Collect$$rtentry$$00000002          0x08000208   Section        0  __rtentry2.o(.ARM.Collect$$rtentry$$00000002)
    .ARM.Collect$$rtentry$$00000004          0x08000208   Section        6  __rtentry4.o(.ARM.Collect$$rtentry$$00000004)
    .ARM.Collect$$rtentry$$00000008          0x0800020e   Section        8  __rtentry2.o(.ARM.Collect$$rtentry$$00000008)
    .ARM.Collect$$rtentry$$0000000A          0x08000216   Section        4  __rtentry2.o(.ARM.Collect$$rtentry$$0000000A)
    .ARM.Collect$$rtentry$$0000000C          0x0800021a   Section        0  __rtentry2.o(.ARM.Collect$$rtentry$$0000000C)
    .ARM.Collect$$rtentry$$0000000D          0x0800021a   Section        8  __rtentry2.o(.ARM.Collect$$rtentry$$0000000D)
    .ARM.Collect$$rtexit$$00000000           0x08000222   Section        2  rtexit.o(.ARM.Collect$$rtexit$$00000000)
    .ARM.Collect$$rtexit$$00000002           0x08000224   Section        0  rtexit2.o(.ARM.Collect$$rtexit$$00000002)
    .ARM.Collect$$rtexit$$00000003           0x08000224   Section        4  rtexit2.o(.ARM.Collect$$rtexit$$00000003)
    .ARM.Collect$$rtexit$$00000004           0x08000228   Section        6  rtexit2.o(.ARM.Collect$$rtexit$$00000004)
    .emb_text                                0x08000230   Section      190  port.o(.emb_text)
    $v0                                      0x08000230   Number         0  port.o(.emb_text)
    .text                                    0x08000310   Section       64  startup_stm32l476xx.o(.text)
    $v0                                      0x08000310   Number         0  startup_stm32l476xx.o(.text)
    .text                                    0x08000350   Section      138  rt_memcpy_v6.o(.text)
    .text                                    0x080003da   Section       16  aeabi_memset.o(.text)
    .text                                    0x080003ea   Section        0  heapauxi.o(.text)
    .text                                    0x080003f0   Section      100  rt_memcpy_w.o(.text)
    .text                                    0x08000454   Section       68  rt_memclr.o(.text)
    .text                                    0x08000498   Section       78  rt_memclr_w.o(.text)
    .text                                    0x080004e8   Section        8  libspace.o(.text)
    .text                                    0x080004f0   Section       74  sys_stackheap_outer.o(.text)
    .text                                    0x0800053a   Section        0  exit.o(.text)
    .text                                    0x0800054c   Section        0  sys_exit.o(.text)
    .text                                    0x08000558   Section        2  use_no_semi.o(.text)
    .text                                    0x0800055a   Section        0  indicate_semi.o(.text)
    i.LedInit                                0x0800055a   Section        0  led.o(i.LedInit)
    i.LedRossoInit                           0x08000568   Section        0  led.o(i.LedRossoInit)
    i.LedRossoToggle                         0x08000594   Section        0  led.o(i.LedRossoToggle)
    i.LedVerdeInit                           0x080005a8   Section        0  led.o(i.LedVerdeInit)
    i.SwCenterInit                           0x080005d4   Section        0  puls.o(i.SwCenterInit)
    i.SwDownInit                             0x08000614   Section        0  puls.o(i.SwDownInit)
    i.SwInit                                 0x08000654   Section        0  puls.o(i.SwInit)
    i.SwLeftInit                             0x0800066c   Section        0  puls.o(i.SwLeftInit)
    i.SwRightInit                            0x080006ac   Section        0  puls.o(i.SwRightInit)
    i.SwUpInit                               0x080006ec   Section        0  puls.o(i.SwUpInit)
    i.SysTick_Handler                        0x0800072c   Section        0  cmsis_os2.o(i.SysTick_Handler)
    i.SystemCoreClockUpdate                  0x08000744   Section        0  system_stm32l4xx.o(i.SystemCoreClockUpdate)
    i.SystemInit                             0x08000824   Section        0  system_stm32l4xx.o(i.SystemInit)
    i._mutex_acquire                         0x0800086c   Section        0  clib_arm.o(i._mutex_acquire)
    __tagsym$$used                           0x0800086d   Number         0  clib_arm.o(i._mutex_acquire)
    i._mutex_free                            0x08000884   Section        0  clib_arm.o(i._mutex_free)
    __tagsym$$used                           0x08000885   Number         0  clib_arm.o(i._mutex_free)
    i._mutex_initialize                      0x080008b8   Section        0  clib_arm.o(i._mutex_initialize)
    __tagsym$$used                           0x080008b9   Number         0  clib_arm.o(i._mutex_initialize)
    i._mutex_release                         0x08000918   Section        0  clib_arm.o(i._mutex_release)
    __tagsym$$used                           0x08000919   Number         0  clib_arm.o(i._mutex_release)
    i._platform_post_stackheap_init          0x08000930   Section        0  clib_arm.o(i._platform_post_stackheap_init)
    i.digitalRead                            0x08000932   Section        0  arduino.o(i.digitalRead)
    i.main                                   0x08000960   Section        0  main.o(i.main)
    i.os_kernel_is_active                    0x080009e8   Section        0  clib_arm.o(i.os_kernel_is_active)
    os_kernel_is_active                      0x080009e9   Thumb Code    32  clib_arm.o(i.os_kernel_is_active)
    i.pllInit                                0x08000a0c   Section        0  clock.o(i.pllInit)
    i.prvAddCurrentTaskToDelayedList         0x08000b14   Section        0  tasks.o(i.prvAddCurrentTaskToDelayedList)
    prvAddCurrentTaskToDelayedList           0x08000b15   Thumb Code   100  tasks.o(i.prvAddCurrentTaskToDelayedList)
    i.prvAddNewTaskToReadyList               0x08000b90   Section        0  tasks.o(i.prvAddNewTaskToReadyList)
    prvAddNewTaskToReadyList                 0x08000b91   Thumb Code   154  tasks.o(i.prvAddNewTaskToReadyList)
    i.prvCheckForValidListAndQueue           0x08000c48   Section        0  timers.o(i.prvCheckForValidListAndQueue)
    prvCheckForValidListAndQueue             0x08000c49   Thumb Code    62  timers.o(i.prvCheckForValidListAndQueue)
    i.prvCheckTasksWaitingTermination        0x08000ca4   Section        0  tasks.o(i.prvCheckTasksWaitingTermination)
    prvCheckTasksWaitingTermination          0x08000ca5   Thumb Code    60  tasks.o(i.prvCheckTasksWaitingTermination)
    i.prvCopyDataFromQueue                   0x08000cec   Section        0  queue.o(i.prvCopyDataFromQueue)
    prvCopyDataFromQueue                     0x08000ced   Thumb Code    42  queue.o(i.prvCopyDataFromQueue)
    i.prvCopyDataToQueue                     0x08000d16   Section        0  queue.o(i.prvCopyDataToQueue)
    prvCopyDataToQueue                       0x08000d17   Thumb Code   126  queue.o(i.prvCopyDataToQueue)
    i.prvDeleteTCB                           0x08000d94   Section        0  tasks.o(i.prvDeleteTCB)
    prvDeleteTCB                             0x08000d95   Thumb Code    40  tasks.o(i.prvDeleteTCB)
    i.prvGetDisinheritPriorityAfterTimeout   0x08000dbc   Section        0  queue.o(i.prvGetDisinheritPriorityAfterTimeout)
    prvGetDisinheritPriorityAfterTimeout     0x08000dbd   Thumb Code    20  queue.o(i.prvGetDisinheritPriorityAfterTimeout)
    i.prvGetNextExpireTime                   0x08000dd0   Section        0  timers.o(i.prvGetNextExpireTime)
    prvGetNextExpireTime                     0x08000dd1   Thumb Code    36  timers.o(i.prvGetNextExpireTime)
    i.prvHeapInit                            0x08000df8   Section        0  heap_4.o(i.prvHeapInit)
    prvHeapInit                              0x08000df9   Thumb Code    98  heap_4.o(i.prvHeapInit)
    i.prvIdleTask                            0x08000e74   Section        0  tasks.o(i.prvIdleTask)
    prvIdleTask                              0x08000e75   Thumb Code    32  tasks.o(i.prvIdleTask)
    i.prvInitialiseMutex                     0x08000e9c   Section        0  queue.o(i.prvInitialiseMutex)
    prvInitialiseMutex                       0x08000e9d   Thumb Code    30  queue.o(i.prvInitialiseMutex)
    i.prvInitialiseNewQueue                  0x08000eba   Section        0  queue.o(i.prvInitialiseNewQueue)
    prvInitialiseNewQueue                    0x08000ebb   Thumb Code    42  queue.o(i.prvInitialiseNewQueue)
    i.prvInitialiseNewTask                   0x08000ee4   Section        0  tasks.o(i.prvInitialiseNewTask)
    prvInitialiseNewTask                     0x08000ee5   Thumb Code   154  tasks.o(i.prvInitialiseNewTask)
    i.prvInitialiseTaskLists                 0x08000f84   Section        0  tasks.o(i.prvInitialiseTaskLists)
    prvInitialiseTaskLists                   0x08000f85   Thumb Code    70  tasks.o(i.prvInitialiseTaskLists)
    i.prvInsertBlockIntoFreeList             0x08000fec   Section        0  heap_4.o(i.prvInsertBlockIntoFreeList)
    prvInsertBlockIntoFreeList               0x08000fed   Thumb Code    96  heap_4.o(i.prvInsertBlockIntoFreeList)
    i.prvInsertTimerInActiveList             0x08001054   Section        0  timers.o(i.prvInsertTimerInActiveList)
    prvInsertTimerInActiveList               0x08001055   Thumb Code    80  timers.o(i.prvInsertTimerInActiveList)
    i.prvIsQueueEmpty                        0x080010ac   Section        0  queue.o(i.prvIsQueueEmpty)
    prvIsQueueEmpty                          0x080010ad   Thumb Code    26  queue.o(i.prvIsQueueEmpty)
    i.prvIsQueueFull                         0x080010c6   Section        0  queue.o(i.prvIsQueueFull)
    prvIsQueueFull                           0x080010c7   Thumb Code    30  queue.o(i.prvIsQueueFull)
    i.prvProcessExpiredTimer                 0x080010e4   Section        0  timers.o(i.prvProcessExpiredTimer)
    prvProcessExpiredTimer                   0x080010e5   Thumb Code    86  timers.o(i.prvProcessExpiredTimer)
    i.prvProcessReceivedCommands             0x08001140   Section        0  timers.o(i.prvProcessReceivedCommands)
    prvProcessReceivedCommands               0x08001141   Thumb Code   264  timers.o(i.prvProcessReceivedCommands)
    i.prvProcessTimerOrBlockTask             0x0800124c   Section        0  timers.o(i.prvProcessTimerOrBlockTask)
    prvProcessTimerOrBlockTask               0x0800124d   Thumb Code   102  timers.o(i.prvProcessTimerOrBlockTask)
    i.prvResetNextTaskUnblockTime            0x080012c0   Section        0  tasks.o(i.prvResetNextTaskUnblockTime)
    prvResetNextTaskUnblockTime              0x080012c1   Thumb Code    40  tasks.o(i.prvResetNextTaskUnblockTime)
    i.prvSampleTimeNow                       0x080012f0   Section        0  timers.o(i.prvSampleTimeNow)
    prvSampleTimeNow                         0x080012f1   Thumb Code    40  timers.o(i.prvSampleTimeNow)
    i.prvSwitchTimerLists                    0x0800131c   Section        0  timers.o(i.prvSwitchTimerLists)
    prvSwitchTimerLists                      0x0800131d   Thumb Code   126  timers.o(i.prvSwitchTimerLists)
    i.prvTaskExitError                       0x080013a4   Section        0  port.o(i.prvTaskExitError)
    prvTaskExitError                         0x080013a5   Thumb Code    22  port.o(i.prvTaskExitError)
    i.prvTestWaitCondition                   0x080013ba   Section        0  event_groups.o(i.prvTestWaitCondition)
    prvTestWaitCondition                     0x080013bb   Thumb Code    30  event_groups.o(i.prvTestWaitCondition)
    i.prvTimerTask                           0x080013d8   Section        0  timers.o(i.prvTimerTask)
    prvTimerTask                             0x080013d9   Thumb Code    26  timers.o(i.prvTimerTask)
    i.prvUnlockQueue                         0x080013f2   Section        0  queue.o(i.prvUnlockQueue)
    prvUnlockQueue                           0x080013f3   Thumb Code   126  queue.o(i.prvUnlockQueue)
    i.pvPortMalloc                           0x08001470   Section        0  heap_4.o(i.pvPortMalloc)
    i.pvTaskIncrementMutexHeldCount          0x0800156c   Section        0  tasks.o(i.pvTaskIncrementMutexHeldCount)
    i.pxPortInitialiseStack                  0x0800158c   Section        0  port.o(i.pxPortInitialiseStack)
    i.uxListRemove                           0x080015b8   Section        0  list.o(i.uxListRemove)
    i.uxTaskResetEventItemValue              0x080015e0   Section        0  tasks.o(i.uxTaskResetEventItemValue)
    i.vApplicationGetIdleTaskMemory          0x080015fc   Section        0  cmsis_os2.o(i.vApplicationGetIdleTaskMemory)
    i.vApplicationGetTimerTaskMemory         0x08001614   Section        0  cmsis_os2.o(i.vApplicationGetTimerTaskMemory)
    i.vApplicationStackOverflowHook          0x0800162c   Section        0  cmsis_os2.o(i.vApplicationStackOverflowHook)
    i.vListInitialise                        0x0800162e   Section        0  list.o(i.vListInitialise)
    i.vListInitialiseItem                    0x08001648   Section        0  list.o(i.vListInitialiseItem)
    i.vListInsert                            0x0800164e   Section        0  list.o(i.vListInsert)
    i.vListInsertEnd                         0x08001682   Section        0  list.o(i.vListInsertEnd)
    i.vPortEnterCritical                     0x0800169c   Section        0  port.o(i.vPortEnterCritical)
    i.vPortExitCritical                      0x080016c0   Section        0  port.o(i.vPortExitCritical)
    i.vPortFree                              0x080016e0   Section        0  heap_4.o(i.vPortFree)
    i.vPortSetupTimerInterrupt               0x08001738   Section        0  port.o(i.vPortSetupTimerInterrupt)
    i.vQueueDelete                           0x08001760   Section        0  queue.o(i.vQueueDelete)
    i.vQueueWaitForMessageRestricted         0x08001774   Section        0  queue.o(i.vQueueWaitForMessageRestricted)
    i.vTaskInternalSetTimeOutState           0x080017c0   Section        0  tasks.o(i.vTaskInternalSetTimeOutState)
    i.vTaskLedRossoToggle                    0x080017d8   Section        0  main.o(i.vTaskLedRossoToggle)
    i.vTaskMissedYield                       0x080017fc   Section        0  tasks.o(i.vTaskMissedYield)
    i.vTaskPA0                               0x08001808   Section        0  main.o(i.vTaskPA0)
    i.vTaskPlaceOnEventList                  0x08001834   Section        0  tasks.o(i.vTaskPlaceOnEventList)
    i.vTaskPlaceOnEventListRestricted        0x08001854   Section        0  tasks.o(i.vTaskPlaceOnEventListRestricted)
    i.vTaskPlaceOnUnorderedEventList         0x0800187c   Section        0  tasks.o(i.vTaskPlaceOnUnorderedEventList)
    i.vTaskPriorityDisinheritAfterTimeout    0x080018a8   Section        0  tasks.o(i.vTaskPriorityDisinheritAfterTimeout)
    i.vTaskRemoveFromUnorderedEventList      0x08001934   Section        0  tasks.o(i.vTaskRemoveFromUnorderedEventList)
    i.vTaskStartScheduler                    0x08001994   Section        0  tasks.o(i.vTaskStartScheduler)
    i.vTaskSuspendAll                        0x08001a30   Section        0  tasks.o(i.vTaskSuspendAll)
    i.vTaskSwitchContext                     0x08001a40   Section        0  tasks.o(i.vTaskSwitchContext)
    i.xEventGroupCreate                      0x08001af0   Section        0  event_groups.o(i.xEventGroupCreate)
    i.xEventGroupSetBits                     0x08001b0e   Section        0  event_groups.o(i.xEventGroupSetBits)
    i.xEventGroupWaitBits                    0x08001ba8   Section        0  event_groups.o(i.xEventGroupWaitBits)
    i.xPortStartScheduler                    0x08001c7c   Section        0  port.o(i.xPortStartScheduler)
    i.xPortSysTickHandler                    0x08001cc4   Section        0  port.o(i.xPortSysTickHandler)
    i.xQueueCreateMutex                      0x08001cf8   Section        0  queue.o(i.xQueueCreateMutex)
    i.xQueueCreateMutexStatic                0x08001d1a   Section        0  queue.o(i.xQueueCreateMutexStatic)
    i.xQueueGenericCreate                    0x08001d44   Section        0  queue.o(i.xQueueGenericCreate)
    i.xQueueGenericCreateStatic              0x08001d7e   Section        0  queue.o(i.xQueueGenericCreateStatic)
    i.xQueueGenericReset                     0x08001dac   Section        0  queue.o(i.xQueueGenericReset)
    i.xQueueGenericSend                      0x08001e2c   Section        0  queue.o(i.xQueueGenericSend)
    i.xQueueGenericSendFromISR               0x08001f44   Section        0  queue.o(i.xQueueGenericSendFromISR)
    i.xQueueReceive                          0x08001fd4   Section        0  queue.o(i.xQueueReceive)
    i.xQueueSemaphoreTake                    0x080020d8   Section        0  queue.o(i.xQueueSemaphoreTake)
    i.xTaskCheckForTimeOut                   0x08002208   Section        0  tasks.o(i.xTaskCheckForTimeOut)
    i.xTaskCreate                            0x08002268   Section        0  tasks.o(i.xTaskCreate)
    i.xTaskCreateStatic                      0x080022d2   Section        0  tasks.o(i.xTaskCreateStatic)
    i.xTaskGetSchedulerState                 0x08002328   Section        0  tasks.o(i.xTaskGetSchedulerState)
    i.xTaskGetTickCount                      0x08002348   Section        0  tasks.o(i.xTaskGetTickCount)
    i.xTaskIncrementTick                     0x08002354   Section        0  tasks.o(i.xTaskIncrementTick)
    i.xTaskPriorityDisinherit                0x0800246c   Section        0  tasks.o(i.xTaskPriorityDisinherit)
    i.xTaskPriorityInherit                   0x080024cc   Section        0  tasks.o(i.xTaskPriorityInherit)
    i.xTaskRemoveFromEventList               0x08002570   Section        0  tasks.o(i.xTaskRemoveFromEventList)
    i.xTaskResumeAll                         0x080025f0   Section        0  tasks.o(i.xTaskResumeAll)
    i.xTimerCreateTimerTask                  0x080026d8   Section        0  timers.o(i.xTimerCreateTimerTask)
    i.xTimerGenericCommand                   0x08002738   Section        0  timers.o(i.xTimerGenericCommand)
    x$fpl$fpinit                             0x080027a4   Section       10  fpinit.o(x$fpl$fpinit)
    $v0                                      0x080027a4   Number         0  fpinit.o(x$fpl$fpinit)
    .constdata                               0x080027b0   Section       72  system_stm32l4xx.o(.constdata)
    .data                                    0x20000000   Section        4  main.o(.data)
    .data                                    0x20000004   Section        1  clib_arm.o(.data)
    os_kernel_active                         0x20000004   Data           1  clib_arm.o(.data)
    .data                                    0x20000008   Section        4  system_stm32l4xx.o(.data)
    .data                                    0x2000000c   Section       32  heap_4.o(.data)
    xStart                                   0x2000000c   Data           8  heap_4.o(.data)
    pxEnd                                    0x20000014   Data           4  heap_4.o(.data)
    xFreeBytesRemaining                      0x20000018   Data           4  heap_4.o(.data)
    xMinimumEverFreeBytesRemaining           0x2000001c   Data           4  heap_4.o(.data)
    xNumberOfSuccessfulAllocations           0x20000020   Data           4  heap_4.o(.data)
    xNumberOfSuccessfulFrees                 0x20000024   Data           4  heap_4.o(.data)
    xBlockAllocatedBit                       0x20000028   Data           4  heap_4.o(.data)
    .data                                    0x2000002c   Section        4  port.o(.data)
    uxCriticalNesting                        0x2000002c   Data           4  port.o(.data)
    .data                                    0x20000030   Section       64  tasks.o(.data)
    pxDelayedTaskList                        0x20000034   Data           4  tasks.o(.data)
    pxOverflowDelayedTaskList                0x20000038   Data           4  tasks.o(.data)
    uxDeletedTasksWaitingCleanUp             0x2000003c   Data           4  tasks.o(.data)
    uxCurrentNumberOfTasks                   0x20000040   Data           4  tasks.o(.data)
    xTickCount                               0x20000044   Data           4  tasks.o(.data)
    uxTopReadyPriority                       0x20000048   Data           4  tasks.o(.data)
    xSchedulerRunning                        0x2000004c   Data           4  tasks.o(.data)
    xPendedTicks                             0x20000050   Data           4  tasks.o(.data)
    xYieldPending                            0x20000054   Data           4  tasks.o(.data)
    xNumOfOverflows                          0x20000058   Data           4  tasks.o(.data)
    uxTaskNumber                             0x2000005c   Data           4  tasks.o(.data)
    xNextTaskUnblockTime                     0x20000060   Data           4  tasks.o(.data)
    xIdleTaskHandle                          0x20000064   Data           4  tasks.o(.data)
    uxSchedulerSuspended                     0x2000006c   Data           4  tasks.o(.data)
    .data                                    0x20000070   Section       20  timers.o(.data)
    pxCurrentTimerList                       0x20000070   Data           4  timers.o(.data)
    pxOverflowTimerList                      0x20000074   Data           4  timers.o(.data)
    xTimerQueue                              0x20000078   Data           4  timers.o(.data)
    xTimerTaskHandle                         0x2000007c   Data           4  timers.o(.data)
    xLastTime                                0x20000080   Data           4  timers.o(.data)
    .bss                                     0x20000084   Section      916  clib_arm.o(.bss)
    os_libspace                              0x20000084   Data         480  clib_arm.o(.bss)
    os_libspace_id                           0x20000264   Data          16  clib_arm.o(.bss)
    clib_mutex_cb                            0x20000274   Data         400  clib_arm.o(.bss)
    clib_mutex_id                            0x20000404   Data          20  clib_arm.o(.bss)
    .bss                                     0x20000418   Section     1016  cmsis_os2.o(.bss)
    Idle_TCB                                 0x20000418   Data          92  cmsis_os2.o(.bss)
    Idle_Stack                               0x20000474   Data         512  cmsis_os2.o(.bss)
    Timer_TCB                                0x20000674   Data          92  cmsis_os2.o(.bss)
    Timer_Stack                              0x200006d0   Data         320  cmsis_os2.o(.bss)
    .bss                                     0x20000810   Section     8192  heap_4.o(.bss)
    ucHeap                                   0x20000810   Data        8192  heap_4.o(.bss)
    .bss                                     0x20002810   Section     1220  tasks.o(.bss)
    pxReadyTasksLists                        0x20002810   Data        1120  tasks.o(.bss)
    xDelayedTaskList1                        0x20002c70   Data          20  tasks.o(.bss)
    xDelayedTaskList2                        0x20002c84   Data          20  tasks.o(.bss)
    xPendingReadyList                        0x20002c98   Data          20  tasks.o(.bss)
    xTasksWaitingTermination                 0x20002cac   Data          20  tasks.o(.bss)
    xSuspendedTaskList                       0x20002cc0   Data          20  tasks.o(.bss)
    .bss                                     0x20002cd4   Section      200  timers.o(.bss)
    xActiveTimerList1                        0x20002cd4   Data          20  timers.o(.bss)
    xActiveTimerList2                        0x20002ce8   Data          20  timers.o(.bss)
    xStaticTimerQueue                        0x20002cfc   Data          80  timers.o(.bss)
    ucStaticTimerQueueStorage                0x20002d4c   Data          80  timers.o(.bss)
    .bss                                     0x20002d9c   Section       96  libspace.o(.bss)
    HEAP                                     0x20002e00   Section      512  startup_stm32l476xx.o(HEAP)
    Heap_Mem                                 0x20002e00   Data         512  startup_stm32l476xx.o(HEAP)
    STACK                                    0x20003000   Section     1024  startup_stm32l476xx.o(STACK)
    Stack_Mem                                0x20003000   Data        1024  startup_stm32l476xx.o(STACK)
    __initial_sp                             0x20003400   Data           0  startup_stm32l476xx.o(STACK)

    Global Symbols

    Symbol Name                              Value     Ov Type        Size  Object(Section)

    BuildAttributes$$THM_ISAv4$E$P$D$K$B$S$7EM$VFPi3$EXTD16$VFPS$VFMA$PE$A:L22UL41UL21$X:L11$S22US41US21$IEEE1$IW$USESV6$~STKCKD$USESV7$~SHL$OTIME$ROPI$IEEEJ$EBA8$UX$STANDARDLIB$REQ8$PRES8$EABIv2 0x00000000   Number         0  anon$$obj.o ABSOLUTE
    __ARM_use_no_argv                        0x00000000   Number         0  main.o ABSOLUTE
    _printf_flags                            0x00000000   Number         0  printf_stubs.o ABSOLUTE
    _printf_return_value                     0x00000000   Number         0  printf_stubs.o ABSOLUTE
    _printf_sizespec                         0x00000000   Number         0  printf_stubs.o ABSOLUTE
    _printf_widthprec                        0x00000000   Number         0  printf_stubs.o ABSOLUTE
    __ARM_exceptions_init                     - Undefined Weak Reference
    __alloca_initialize                       - Undefined Weak Reference
    __arm_fini_                               - Undefined Weak Reference
    __arm_preinit_                            - Undefined Weak Reference
    __cpp_initialize__aeabi_                  - Undefined Weak Reference
    __cxa_finalize                            - Undefined Weak Reference
    __sigvec_lookup                           - Undefined Weak Reference
    _atexit_init                              - Undefined Weak Reference
    _call_atexit_fns                          - Undefined Weak Reference
    _clock_init                               - Undefined Weak Reference
    _fp_trap_init                             - Undefined Weak Reference
    _fp_trap_shutdown                         - Undefined Weak Reference
    _get_lc_collate                           - Undefined Weak Reference
    _get_lc_ctype                             - Undefined Weak Reference
    _get_lc_monetary                          - Undefined Weak Reference
    _get_lc_time                              - Undefined Weak Reference
    _getenv_init                              - Undefined Weak Reference
    _handle_redirection                       - Undefined Weak Reference
    _init_alloc                               - Undefined Weak Reference
    _init_user_alloc                          - Undefined Weak Reference
    _initio                                   - Undefined Weak Reference
    _printf_post_padding                      - Undefined Weak Reference
    _printf_pre_padding                       - Undefined Weak Reference
    _rand_init                                - Undefined Weak Reference
    _signal_finish                            - Undefined Weak Reference
    _signal_init                              - Undefined Weak Reference
    _terminate_alloc                          - Undefined Weak Reference
    _terminate_user_alloc                     - Undefined Weak Reference
    _terminateio                              - Undefined Weak Reference
    __Vectors_Size                           0x00000188   Number         0  startup_stm32l476xx.o ABSOLUTE
    __Vectors                                0x08000000   Data           4  startup_stm32l476xx.o(RESET)
    __Vectors_End                            0x08000188   Data           0  startup_stm32l476xx.o(RESET)
    __main                                   0x08000189   Thumb Code     8  __main.o(!!!main)
    __scatterload                            0x08000191   Thumb Code     0  __scatter.o(!!!scatter)
    __scatterload_rt2                        0x08000191   Thumb Code    44  __scatter.o(!!!scatter)
    __scatterload_rt2_thumb_only             0x08000191   Thumb Code     0  __scatter.o(!!!scatter)
    __scatterload_null                       0x0800019f   Thumb Code     0  __scatter.o(!!!scatter)
    __scatterload_copy                       0x080001c5   Thumb Code    26  __scatter_copy.o(!!handler_copy)
    __scatterload_zeroinit                   0x080001e1   Thumb Code    28  __scatter_zi.o(!!handler_zi)
    __rt_lib_init                            0x080001fd   Thumb Code     0  libinit.o(.ARM.Collect$$libinit$$00000000)
    __rt_lib_init_fp_1                       0x080001ff   Thumb Code     0  libinit2.o(.ARM.Collect$$libinit$$00000001)
    __rt_lib_init_alloca_1                   0x08000203   Thumb Code     0  libinit2.o(.ARM.Collect$$libinit$$0000002E)
    __rt_lib_init_argv_1                     0x08000203   Thumb Code     0  libinit2.o(.ARM.Collect$$libinit$$0000002C)
    __rt_lib_init_atexit_1                   0x08000203   Thumb Code     0  libinit2.o(.ARM.Collect$$libinit$$0000001B)
    __rt_lib_init_clock_1                    0x08000203   Thumb Code     0  libinit2.o(.ARM.Collect$$libinit$$00000021)
    __rt_lib_init_cpp_1                      0x08000203   Thumb Code     0  libinit2.o(.ARM.Collect$$libinit$$00000032)
    __rt_lib_init_exceptions_1               0x08000203   Thumb Code     0  libinit2.o(.ARM.Collect$$libinit$$00000030)
    __rt_lib_init_fp_trap_1                  0x08000203   Thumb Code     0  libinit2.o(.ARM.Collect$$libinit$$0000001F)
    __rt_lib_init_getenv_1                   0x08000203   Thumb Code     0  libinit2.o(.ARM.Collect$$libinit$$00000023)
    __rt_lib_init_heap_1                     0x08000203   Thumb Code     0  libinit2.o(.ARM.Collect$$libinit$$0000000A)
    __rt_lib_init_lc_collate_1               0x08000203   Thumb Code     0  libinit2.o(.ARM.Collect$$libinit$$00000011)
    __rt_lib_init_lc_ctype_1                 0x08000203   Thumb Code     0  libinit2.o(.ARM.Collect$$libinit$$00000013)
    __rt_lib_init_lc_monetary_1              0x08000203   Thumb Code     0  libinit2.o(.ARM.Collect$$libinit$$00000015)
    __rt_lib_init_lc_numeric_1               0x08000203   Thumb Code     0  libinit2.o(.ARM.Collect$$libinit$$00000017)
    __rt_lib_init_lc_time_1                  0x08000203   Thumb Code     0  libinit2.o(.ARM.Collect$$libinit$$00000019)
    __rt_lib_init_preinit_1                  0x08000203   Thumb Code     0  libinit2.o(.ARM.Collect$$libinit$$00000004)
    __rt_lib_init_rand_1                     0x08000203   Thumb Code     0  libinit2.o(.ARM.Collect$$libinit$$0000000E)
    __rt_lib_init_return                     0x08000203   Thumb Code     0  libinit2.o(.ARM.Collect$$libinit$$00000033)
    __rt_lib_init_signal_1                   0x08000203   Thumb Code     0  libinit2.o(.ARM.Collect$$libinit$$0000001D)
    __rt_lib_init_stdio_1                    0x08000203   Thumb Code     0  libinit2.o(.ARM.Collect$$libinit$$00000025)
    __rt_lib_init_user_alloc_1               0x08000203   Thumb Code     0  libinit2.o(.ARM.Collect$$libinit$$0000000C)
    __rt_lib_shutdown                        0x08000205   Thumb Code     0  libshutdown.o(.ARM.Collect$$libshutdown$$00000000)
    __rt_lib_shutdown_cpp_1                  0x08000207   Thumb Code     0  libshutdown2.o(.ARM.Collect$$libshutdown$$00000004)
    __rt_lib_shutdown_fini_1                 0x08000207   Thumb Code     0  libshutdown2.o(.ARM.Collect$$libshutdown$$00000002)
    __rt_lib_shutdown_fp_trap_1              0x08000207   Thumb Code     0  libshutdown2.o(.ARM.Collect$$libshutdown$$00000009)
    __rt_lib_shutdown_heap_1                 0x08000207   Thumb Code     0  libshutdown2.o(.ARM.Collect$$libshutdown$$00000011)
    __rt_lib_shutdown_return                 0x08000207   Thumb Code     0  libshutdown2.o(.ARM.Collect$$libshutdown$$00000012)
    __rt_lib_shutdown_signal_1               0x08000207   Thumb Code     0  libshutdown2.o(.ARM.Collect$$libshutdown$$0000000C)
    __rt_lib_shutdown_stdio_1                0x08000207   Thumb Code     0  libshutdown2.o(.ARM.Collect$$libshutdown$$00000006)
    __rt_lib_shutdown_user_alloc_1           0x08000207   Thumb Code     0  libshutdown2.o(.ARM.Collect$$libshutdown$$0000000E)
    __rt_entry                               0x08000209   Thumb Code     0  __rtentry.o(.ARM.Collect$$rtentry$$00000000)
    __rt_entry_presh_1                       0x08000209   Thumb Code     0  __rtentry2.o(.ARM.Collect$$rtentry$$00000002)
    __rt_entry_sh                            0x08000209   Thumb Code     0  __rtentry4.o(.ARM.Collect$$rtentry$$00000004)
    __rt_entry_postsh_1                      0x0800020f   Thumb Code     0  __rtentry2.o(.ARM.Collect$$rtentry$$00000008)
    __rt_entry_li                            0x08000217   Thumb Code     0  __rtentry2.o(.ARM.Collect$$rtentry$$0000000A)
    __rt_entry_main                          0x0800021b   Thumb Code     0  __rtentry2.o(.ARM.Collect$$rtentry$$0000000D)
    __rt_entry_postli_1                      0x0800021b   Thumb Code     0  __rtentry2.o(.ARM.Collect$$rtentry$$0000000C)
    __rt_exit                                0x08000223   Thumb Code     0  rtexit.o(.ARM.Collect$$rtexit$$00000000)
    __rt_exit_ls                             0x08000225   Thumb Code     0  rtexit2.o(.ARM.Collect$$rtexit$$00000003)
    __rt_exit_prels_1                        0x08000225   Thumb Code     0  rtexit2.o(.ARM.Collect$$rtexit$$00000002)
    __rt_exit_exit                           0x08000229   Thumb Code     0  rtexit2.o(.ARM.Collect$$rtexit$$00000004)
    SVC_Handler                              0x08000231   Thumb Code    28  port.o(.emb_text)
    __asm___6_port_c_39a90d8d__prvStartFirstTask 0x08000251   Thumb Code    36  port.o(.emb_text)
    __asm___6_port_c_39a90d8d__prvEnableVFP  0x08000279   Thumb Code    16  port.o(.emb_text)
    PendSV_Handler                           0x0800028d   Thumb Code    88  port.o(.emb_text)
    vPortGetIPSR                             0x080002e9   Thumb Code     6  port.o(.emb_text)
    Reset_Handler                            0x08000311   Thumb Code     8  startup_stm32l476xx.o(.text)
    NMI_Handler                              0x08000319   Thumb Code     2  startup_stm32l476xx.o(.text)
    HardFault_Handler                        0x0800031b   Thumb Code     2  startup_stm32l476xx.o(.text)
    MemManage_Handler                        0x0800031d   Thumb Code     2  startup_stm32l476xx.o(.text)
    BusFault_Handler                         0x0800031f   Thumb Code     2  startup_stm32l476xx.o(.text)
    UsageFault_Handler                       0x08000321   Thumb Code     2  startup_stm32l476xx.o(.text)
    DebugMon_Handler                         0x08000325   Thumb Code     2  startup_stm32l476xx.o(.text)
    ADC1_2_IRQHandler                        0x0800032b   Thumb Code     0  startup_stm32l476xx.o(.text)
    ADC3_IRQHandler                          0x0800032b   Thumb Code     0  startup_stm32l476xx.o(.text)
    CAN1_RX0_IRQHandler                      0x0800032b   Thumb Code     0  startup_stm32l476xx.o(.text)
    CAN1_RX1_IRQHandler                      0x0800032b   Thumb Code     0  startup_stm32l476xx.o(.text)
    CAN1_SCE_IRQHandler                      0x0800032b   Thumb Code     0  startup_stm32l476xx.o(.text)
    CAN1_TX_IRQHandler                       0x0800032b   Thumb Code     0  startup_stm32l476xx.o(.text)
    COMP_IRQHandler                          0x0800032b   Thumb Code     0  startup_stm32l476xx.o(.text)
    DFSDM1_FLT0_IRQHandler                   0x0800032b   Thumb Code     0  startup_stm32l476xx.o(.text)
    DFSDM1_FLT1_IRQHandler                   0x0800032b   Thumb Code     0  startup_stm32l476xx.o(.text)
    DFSDM1_FLT2_IRQHandler                   0x0800032b   Thumb Code     0  startup_stm32l476xx.o(.text)
    DFSDM1_FLT3_IRQHandler                   0x0800032b   Thumb Code     0  startup_stm32l476xx.o(.text)
    DMA1_Channel1_IRQHandler                 0x0800032b   Thumb Code     0  startup_stm32l476xx.o(.text)
    DMA1_Channel2_IRQHandler                 0x0800032b   Thumb Code     0  startup_stm32l476xx.o(.text)
    DMA1_Channel3_IRQHandler                 0x0800032b   Thumb Code     0  startup_stm32l476xx.o(.text)
    DMA1_Channel4_IRQHandler                 0x0800032b   Thumb Code     0  startup_stm32l476xx.o(.text)
    DMA1_Channel5_IRQHandler                 0x0800032b   Thumb Code     0  startup_stm32l476xx.o(.text)
    DMA1_Channel6_IRQHandler                 0x0800032b   Thumb Code     0  startup_stm32l476xx.o(.text)
    DMA1_Channel7_IRQHandler                 0x0800032b   Thumb Code     0  startup_stm32l476xx.o(.text)
    DMA2_Channel1_IRQHandler                 0x0800032b   Thumb Code     0  startup_stm32l476xx.o(.text)
    DMA2_Channel2_IRQHandler                 0x0800032b   Thumb Code     0  startup_stm32l476xx.o(.text)
    DMA2_Channel3_IRQHandler                 0x0800032b   Thumb Code     0  startup_stm32l476xx.o(.text)
    DMA2_Channel4_IRQHandler                 0x0800032b   Thumb Code     0  startup_stm32l476xx.o(.text)
    DMA2_Channel5_IRQHandler                 0x0800032b   Thumb Code     0  startup_stm32l476xx.o(.text)
    DMA2_Channel6_IRQHandler                 0x0800032b   Thumb Code     0  startup_stm32l476xx.o(.text)
    DMA2_Channel7_IRQHandler                 0x0800032b   Thumb Code     0  startup_stm32l476xx.o(.text)
    EXTI0_IRQHandler                         0x0800032b   Thumb Code     0  startup_stm32l476xx.o(.text)
    EXTI15_10_IRQHandler                     0x0800032b   Thumb Code     0  startup_stm32l476xx.o(.text)
    EXTI1_IRQHandler                         0x0800032b   Thumb Code     0  startup_stm32l476xx.o(.text)
    EXTI2_IRQHandler                         0x0800032b   Thumb Code     0  startup_stm32l476xx.o(.text)
    EXTI3_IRQHandler                         0x0800032b   Thumb Code     0  startup_stm32l476xx.o(.text)
    EXTI4_IRQHandler                         0x0800032b   Thumb Code     0  startup_stm32l476xx.o(.text)
    EXTI9_5_IRQHandler                       0x0800032b   Thumb Code     0  startup_stm32l476xx.o(.text)
    FLASH_IRQHandler                         0x0800032b   Thumb Code     0  startup_stm32l476xx.o(.text)
    FMC_IRQHandler                           0x0800032b   Thumb Code     0  startup_stm32l476xx.o(.text)
    FPU_IRQHandler                           0x0800032b   Thumb Code     0  startup_stm32l476xx.o(.text)
    I2C1_ER_IRQHandler                       0x0800032b   Thumb Code     0  startup_stm32l476xx.o(.text)
    I2C1_EV_IRQHandler                       0x0800032b   Thumb Code     0  startup_stm32l476xx.o(.text)
    I2C2_ER_IRQHandler                       0x0800032b   Thumb Code     0  startup_stm32l476xx.o(.text)
    I2C2_EV_IRQHandler                       0x0800032b   Thumb Code     0  startup_stm32l476xx.o(.text)
    I2C3_ER_IRQHandler                       0x0800032b   Thumb Code     0  startup_stm32l476xx.o(.text)
    I2C3_EV_IRQHandler                       0x0800032b   Thumb Code     0  startup_stm32l476xx.o(.text)
    LCD_IRQHandler                           0x0800032b   Thumb Code     0  startup_stm32l476xx.o(.text)
    LPTIM1_IRQHandler                        0x0800032b   Thumb Code     0  startup_stm32l476xx.o(.text)
    LPTIM2_IRQHandler                        0x0800032b   Thumb Code     0  startup_stm32l476xx.o(.text)
    LPUART1_IRQHandler                       0x0800032b   Thumb Code     0  startup_stm32l476xx.o(.text)
    OTG_FS_IRQHandler                        0x0800032b   Thumb Code     0  startup_stm32l476xx.o(.text)
    PVD_PVM_IRQHandler                       0x0800032b   Thumb Code     0  startup_stm32l476xx.o(.text)
    QUADSPI_IRQHandler                       0x0800032b   Thumb Code     0  startup_stm32l476xx.o(.text)
    RCC_IRQHandler                           0x0800032b   Thumb Code     0  startup_stm32l476xx.o(.text)
    RNG_IRQHandler                           0x0800032b   Thumb Code     0  startup_stm32l476xx.o(.text)
    RTC_Alarm_IRQHandler                     0x0800032b   Thumb Code     0  startup_stm32l476xx.o(.text)
    RTC_WKUP_IRQHandler                      0x0800032b   Thumb Code     0  startup_stm32l476xx.o(.text)
    SAI1_IRQHandler                          0x0800032b   Thumb Code     0  startup_stm32l476xx.o(.text)
    SAI2_IRQHandler                          0x0800032b   Thumb Code     0  startup_stm32l476xx.o(.text)
    SDMMC1_IRQHandler                        0x0800032b   Thumb Code     0  startup_stm32l476xx.o(.text)
    SPI1_IRQHandler                          0x0800032b   Thumb Code     0  startup_stm32l476xx.o(.text)
    SPI2_IRQHandler                          0x0800032b   Thumb Code     0  startup_stm32l476xx.o(.text)
    SPI3_IRQHandler                          0x0800032b   Thumb Code     0  startup_stm32l476xx.o(.text)
    SWPMI1_IRQHandler                        0x0800032b   Thumb Code     0  startup_stm32l476xx.o(.text)
    TAMP_STAMP_IRQHandler                    0x0800032b   Thumb Code     0  startup_stm32l476xx.o(.text)
    TIM1_BRK_TIM15_IRQHandler                0x0800032b   Thumb Code     0  startup_stm32l476xx.o(.text)
    TIM1_CC_IRQHandler                       0x0800032b   Thumb Code     0  startup_stm32l476xx.o(.text)
    TIM1_TRG_COM_TIM17_IRQHandler            0x0800032b   Thumb Code     0  startup_stm32l476xx.o(.text)
    TIM1_UP_TIM16_IRQHandler                 0x0800032b   Thumb Code     0  startup_stm32l476xx.o(.text)
    TIM2_IRQHandler                          0x0800032b   Thumb Code     0  startup_stm32l476xx.o(.text)
    TIM3_IRQHandler                          0x0800032b   Thumb Code     0  startup_stm32l476xx.o(.text)
    TIM4_IRQHandler                          0x0800032b   Thumb Code     0  startup_stm32l476xx.o(.text)
    TIM5_IRQHandler                          0x0800032b   Thumb Code     0  startup_stm32l476xx.o(.text)
    TIM6_DAC_IRQHandler                      0x0800032b   Thumb Code     0  startup_stm32l476xx.o(.text)
    TIM7_IRQHandler                          0x0800032b   Thumb Code     0  startup_stm32l476xx.o(.text)
    TIM8_BRK_IRQHandler                      0x0800032b   Thumb Code     0  startup_stm32l476xx.o(.text)
    TIM8_CC_IRQHandler                       0x0800032b   Thumb Code     0  startup_stm32l476xx.o(.text)
    TIM8_TRG_COM_IRQHandler                  0x0800032b   Thumb Code     0  startup_stm32l476xx.o(.text)
    TIM8_UP_IRQHandler                       0x0800032b   Thumb Code     0  startup_stm32l476xx.o(.text)
    TSC_IRQHandler                           0x0800032b   Thumb Code     0  startup_stm32l476xx.o(.text)
    UART4_IRQHandler                         0x0800032b   Thumb Code     0  startup_stm32l476xx.o(.text)
    UART5_IRQHandler                         0x0800032b   Thumb Code     0  startup_stm32l476xx.o(.text)
    USART1_IRQHandler                        0x0800032b   Thumb Code     0  startup_stm32l476xx.o(.text)
    USART2_IRQHandler                        0x0800032b   Thumb Code     0  startup_stm32l476xx.o(.text)
    USART3_IRQHandler                        0x0800032b   Thumb Code     0  startup_stm32l476xx.o(.text)
    WWDG_IRQHandler                          0x0800032b   Thumb Code     0  startup_stm32l476xx.o(.text)
    __user_initial_stackheap                 0x0800032d   Thumb Code     0  startup_stm32l476xx.o(.text)
    __aeabi_memcpy                           0x08000351   Thumb Code     0  rt_memcpy_v6.o(.text)
    __rt_memcpy                              0x08000351   Thumb Code   138  rt_memcpy_v6.o(.text)
    _memcpy_lastbytes                        0x080003b7   Thumb Code     0  rt_memcpy_v6.o(.text)
    __aeabi_memset                           0x080003db   Thumb Code    16  aeabi_memset.o(.text)
    __use_two_region_memory                  0x080003eb   Thumb Code     2  heapauxi.o(.text)
    __rt_heap_escrow$2region                 0x080003ed   Thumb Code     2  heapauxi.o(.text)
    __rt_heap_expand$2region                 0x080003ef   Thumb Code     2  heapauxi.o(.text)
    __aeabi_memcpy4                          0x080003f1   Thumb Code     0  rt_memcpy_w.o(.text)
    __aeabi_memcpy8                          0x080003f1   Thumb Code     0  rt_memcpy_w.o(.text)
    __rt_memcpy_w                            0x080003f1   Thumb Code   100  rt_memcpy_w.o(.text)
    _memcpy_lastbytes_aligned                0x08000439   Thumb Code     0  rt_memcpy_w.o(.text)
    __aeabi_memclr                           0x08000455   Thumb Code     0  rt_memclr.o(.text)
    __rt_memclr                              0x08000455   Thumb Code    68  rt_memclr.o(.text)
    _memset                                  0x08000459   Thumb Code     0  rt_memclr.o(.text)
    __aeabi_memclr4                          0x08000499   Thumb Code     0  rt_memclr_w.o(.text)
    __aeabi_memclr8                          0x08000499   Thumb Code     0  rt_memclr_w.o(.text)
    __rt_memclr_w                            0x08000499   Thumb Code    78  rt_memclr_w.o(.text)
    _memset_w                                0x0800049d   Thumb Code     0  rt_memclr_w.o(.text)
    __user_libspace                          0x080004e9   Thumb Code     8  libspace.o(.text)
    __user_perproc_libspace                  0x080004e9   Thumb Code     0  libspace.o(.text)
    __user_setup_stackheap                   0x080004f1   Thumb Code    74  sys_stackheap_outer.o(.text)
    exit                                     0x0800053b   Thumb Code    18  exit.o(.text)
    _sys_exit                                0x0800054d   Thumb Code     8  sys_exit.o(.text)
    __I$use$semihosting                      0x08000559   Thumb Code     0  use_no_semi.o(.text)
    __use_no_semihosting_swi                 0x08000559   Thumb Code     2  use_no_semi.o(.text)
    LedInit                                  0x0800055b   Thumb Code    12  led.o(i.LedInit)
    __semihosting_library_function           0x0800055b   Thumb Code     0  indicate_semi.o(.text)
    LedRossoInit                             0x08000569   Thumb Code    36  led.o(i.LedRossoInit)
    LedRossoToggle                           0x08000595   Thumb Code    14  led.o(i.LedRossoToggle)
    LedVerdeInit                             0x080005a9   Thumb Code    36  led.o(i.LedVerdeInit)
    SwCenterInit                             0x080005d5   Thumb Code    60  puls.o(i.SwCenterInit)
    SwDownInit                               0x08000615   Thumb Code    60  puls.o(i.SwDownInit)
    SwInit                                   0x08000655   Thumb Code    24  puls.o(i.SwInit)
    SwLeftInit                               0x0800066d   Thumb Code    60  puls.o(i.SwLeftInit)
    SwRightInit                              0x080006ad   Thumb Code    60  puls.o(i.SwRightInit)
    SwUpInit                                 0x080006ed   Thumb Code    60  puls.o(i.SwUpInit)
    SysTick_Handler                          0x0800072d   Thumb Code    22  cmsis_os2.o(i.SysTick_Handler)
    SystemCoreClockUpdate                    0x08000745   Thumb Code   200  system_stm32l4xx.o(i.SystemCoreClockUpdate)
    SystemInit                               0x08000825   Thumb Code    60  system_stm32l4xx.o(i.SystemInit)
    _mutex_acquire                           0x0800086d   Thumb Code    22  clib_arm.o(i._mutex_acquire)
    _mutex_free                              0x08000885   Thumb Code    46  clib_arm.o(i._mutex_free)
    _mutex_initialize                        0x080008b9   Thumb Code    86  clib_arm.o(i._mutex_initialize)
    _mutex_release                           0x08000919   Thumb Code    24  clib_arm.o(i._mutex_release)
    _platform_post_stackheap_init            0x08000931   Thumb Code     2  clib_arm.o(i._platform_post_stackheap_init)
    digitalRead                              0x08000933   Thumb Code    46  arduino.o(i.digitalRead)
    main                                     0x08000961   Thumb Code    76  main.o(i.main)
    pllInit                                  0x08000a0d   Thumb Code   254  clock.o(i.pllInit)
    pvPortMalloc                             0x08001471   Thumb Code   228  heap_4.o(i.pvPortMalloc)
    pvTaskIncrementMutexHeldCount            0x0800156d   Thumb Code    26  tasks.o(i.pvTaskIncrementMutexHeldCount)
    pxPortInitialiseStack                    0x0800158d   Thumb Code    38  port.o(i.pxPortInitialiseStack)
    uxListRemove                             0x080015b9   Thumb Code    40  list.o(i.uxListRemove)
    uxTaskResetEventItemValue                0x080015e1   Thumb Code    24  tasks.o(i.uxTaskResetEventItemValue)
    vApplicationGetIdleTaskMemory            0x080015fd   Thumb Code    14  cmsis_os2.o(i.vApplicationGetIdleTaskMemory)
    vApplicationGetTimerTaskMemory           0x08001615   Thumb Code    14  cmsis_os2.o(i.vApplicationGetTimerTaskMemory)
    vApplicationStackOverflowHook            0x0800162d   Thumb Code     2  cmsis_os2.o(i.vApplicationStackOverflowHook)
    vListInitialise                          0x0800162f   Thumb Code    26  list.o(i.vListInitialise)
    vListInitialiseItem                      0x08001649   Thumb Code     6  list.o(i.vListInitialiseItem)
    vListInsert                              0x0800164f   Thumb Code    52  list.o(i.vListInsert)
    vListInsertEnd                           0x08001683   Thumb Code    24  list.o(i.vListInsertEnd)
    vPortEnterCritical                       0x0800169d   Thumb Code    30  port.o(i.vPortEnterCritical)
    vPortExitCritical                        0x080016c1   Thumb Code    28  port.o(i.vPortExitCritical)
    vPortFree                                0x080016e1   Thumb Code    74  heap_4.o(i.vPortFree)
    vPortSetupTimerInterrupt                 0x08001739   Thumb Code    36  port.o(i.vPortSetupTimerInterrupt)
    vQueueDelete                             0x08001761   Thumb Code    20  queue.o(i.vQueueDelete)
    vQueueWaitForMessageRestricted           0x08001775   Thumb Code    74  queue.o(i.vQueueWaitForMessageRestricted)
    vTaskInternalSetTimeOutState             0x080017c1   Thumb Code    14  tasks.o(i.vTaskInternalSetTimeOutState)
    vTaskLedRossoToggle                      0x080017d9   Thumb Code    32  main.o(i.vTaskLedRossoToggle)
    vTaskMissedYield                         0x080017fd   Thumb Code     8  tasks.o(i.vTaskMissedYield)
    vTaskPA0                                 0x08001809   Thumb Code    38  main.o(i.vTaskPA0)
    vTaskPlaceOnEventList                    0x08001835   Thumb Code    28  tasks.o(i.vTaskPlaceOnEventList)
    vTaskPlaceOnEventListRestricted          0x08001855   Thumb Code    36  tasks.o(i.vTaskPlaceOnEventListRestricted)
    vTaskPlaceOnUnorderedEventList           0x0800187d   Thumb Code    40  tasks.o(i.vTaskPlaceOnUnorderedEventList)
    vTaskPriorityDisinheritAfterTimeout      0x080018a9   Thumb Code   130  tasks.o(i.vTaskPriorityDisinheritAfterTimeout)
    vTaskRemoveFromUnorderedEventList        0x08001935   Thumb Code    80  tasks.o(i.vTaskRemoveFromUnorderedEventList)
    vTaskStartScheduler                      0x08001995   Thumb Code   124  tasks.o(i.vTaskStartScheduler)
    vTaskSuspendAll                          0x08001a31   Thumb Code    12  tasks.o(i.vTaskSuspendAll)
    vTaskSwitchContext                       0x08001a41   Thumb Code   154  tasks.o(i.vTaskSwitchContext)
    xEventGroupCreate                        0x08001af1   Thumb Code    30  event_groups.o(i.xEventGroupCreate)
    xEventGroupSetBits                       0x08001b0f   Thumb Code   146  event_groups.o(i.xEventGroupSetBits)
    xEventGroupWaitBits                      0x08001ba9   Thumb Code   198  event_groups.o(i.xEventGroupWaitBits)
    xPortStartScheduler                      0x08001c7d   Thumb Code    58  port.o(i.xPortStartScheduler)
    xPortSysTickHandler                      0x08001cc5   Thumb Code    46  port.o(i.xPortSysTickHandler)
    xQueueCreateMutex                        0x08001cf9   Thumb Code    34  queue.o(i.xQueueCreateMutex)
    xQueueCreateMutexStatic                  0x08001d1b   Thumb Code    42  queue.o(i.xQueueCreateMutexStatic)
    xQueueGenericCreate                      0x08001d45   Thumb Code    58  queue.o(i.xQueueGenericCreate)
    xQueueGenericCreateStatic                0x08001d7f   Thumb Code    46  queue.o(i.xQueueGenericCreateStatic)
    xQueueGenericReset                       0x08001dad   Thumb Code   122  queue.o(i.xQueueGenericReset)
    xQueueGenericSend                        0x08001e2d   Thumb Code   276  queue.o(i.xQueueGenericSend)
    xQueueGenericSendFromISR                 0x08001f45   Thumb Code   138  queue.o(i.xQueueGenericSendFromISR)
    xQueueReceive                            0x08001fd5   Thumb Code   256  queue.o(i.xQueueReceive)
    xQueueSemaphoreTake                      0x080020d9   Thumb Code   300  queue.o(i.xQueueSemaphoreTake)
    xTaskCheckForTimeOut                     0x08002209   Thumb Code    88  tasks.o(i.xTaskCheckForTimeOut)
    xTaskCreate                              0x08002269   Thumb Code   100  tasks.o(i.xTaskCreate)
    xTaskCreateStatic                        0x080022d3   Thumb Code    78  tasks.o(i.xTaskCreateStatic)
    xTaskGetSchedulerState                   0x08002329   Thumb Code    24  tasks.o(i.xTaskGetSchedulerState)
    xTaskGetTickCount                        0x08002349   Thumb Code     6  tasks.o(i.xTaskGetTickCount)
    xTaskIncrementTick                       0x08002355   Thumb Code   236  tasks.o(i.xTaskIncrementTick)
    xTaskPriorityDisinherit                  0x0800246d   Thumb Code    86  tasks.o(i.xTaskPriorityDisinherit)
    xTaskPriorityInherit                     0x080024cd   Thumb Code   150  tasks.o(i.xTaskPriorityInherit)
    xTaskRemoveFromEventList                 0x08002571   Thumb Code   102  tasks.o(i.xTaskRemoveFromEventList)
    xTaskResumeAll                           0x080025f1   Thumb Code   194  tasks.o(i.xTaskResumeAll)
    xTimerCreateTimerTask                    0x080026d9   Thumb Code    76  timers.o(i.xTimerCreateTimerTask)
    xTimerGenericCommand                     0x08002739   Thumb Code   104  timers.o(i.xTimerGenericCommand)
    _fp_init                                 0x080027a5   Thumb Code    10  fpinit.o(x$fpl$fpinit)
    __fplib_config_fpu_vfp                   0x080027ad   Thumb Code     0  fpinit.o(x$fpl$fpinit)
    __fplib_config_pureend_doubles           0x080027ad   Thumb Code     0  fpinit.o(x$fpl$fpinit)
    AHBPrescTable                            0x080027b0   Data          16  system_stm32l4xx.o(.constdata)
    APBPrescTable                            0x080027c0   Data           8  system_stm32l4xx.o(.constdata)
    MSIRangeTable                            0x080027c8   Data          48  system_stm32l4xx.o(.constdata)
    Region$$Table$$Base                      0x080027f8   Number         0  anon$$obj.o(Region$$Table)
    Region$$Table$$Limit                     0x08002818   Number         0  anon$$obj.o(Region$$Table)
    xEventGroup                              0x20000000   Data           4  main.o(.data)
    SystemCoreClock                          0x20000008   Data           4  system_stm32l4xx.o(.data)
    pxCurrentTCB                             0x20000030   Data           4  tasks.o(.data)
    uxTopUsedPriority                        0x20000068   Data           4  tasks.o(.data)
    __libspace_start                         0x20002d9c   Data          96  libspace.o(.bss)
    __temporary_stack_top$libspace           0x20002dfc   Data           0  libspace.o(.bss)



==============================================================================

Memory Map of the image

  Image Entry point : 0x08000311

  Load Region LR_1 (Base: 0x08000000, Size: 0x0000289c, Max: 0xffffffff, ABSOLUTE)

    Execution Region ER_RO (Exec base: 0x08000000, Load base: 0x08000000, Size: 0x00002818, Max: 0xffffffff, ABSOLUTE)

    Exec Addr    Load Addr    Size         Type   Attr      Idx    E Section Name        Object

    0x08000000   0x08000000   0x00000188   Data   RO         1195    RESET               startup_stm32l476xx.o
    0x08000188   0x08000188   0x00000008   Code   RO         2431  * !!!main             c_w.l(__main.o)
    0x08000190   0x08000190   0x00000034   Code   RO         2655    !!!scatter          c_w.l(__scatter.o)
    0x080001c4   0x080001c4   0x0000001a   Code   RO         2657    !!handler_copy      c_w.l(__scatter_copy.o)
    0x080001de   0x080001de   0x00000002   PAD
    0x080001e0   0x080001e0   0x0000001c   Code   RO         2659    !!handler_zi        c_w.l(__scatter_zi.o)
    0x080001fc   0x080001fc   0x00000002   Code   RO         2526    .ARM.Collect$$libinit$$00000000  c_w.l(libinit.o)
    0x080001fe   0x080001fe   0x00000004   Code   RO         2527    .ARM.Collect$$libinit$$00000001  c_w.l(libinit2.o)
    0x08000202   0x08000202   0x00000000   Code   RO         2530    .ARM.Collect$$libinit$$00000004  c_w.l(libinit2.o)
    0x08000202   0x08000202   0x00000000   Code   RO         2533    .ARM.Collect$$libinit$$0000000A  c_w.l(libinit2.o)
    0x08000202   0x08000202   0x00000000   Code   RO         2535    .ARM.Collect$$libinit$$0000000C  c_w.l(libinit2.o)
    0x08000202   0x08000202   0x00000000   Code   RO         2537    .ARM.Collect$$libinit$$0000000E  c_w.l(libinit2.o)
    0x08000202   0x08000202   0x00000000   Code   RO         2540    .ARM.Collect$$libinit$$00000011  c_w.l(libinit2.o)
    0x08000202   0x08000202   0x00000000   Code   RO         2542    .ARM.Collect$$libinit$$00000013  c_w.l(libinit2.o)
    0x08000202   0x08000202   0x00000000   Code   RO         2544    .ARM.Collect$$libinit$$00000015  c_w.l(libinit2.o)
    0x08000202   0x08000202   0x00000000   Code   RO         2546    .ARM.Collect$$libinit$$00000017  c_w.l(libinit2.o)
    0x08000202   0x08000202   0x00000000   Code   RO         2548    .ARM.Collect$$libinit$$00000019  c_w.l(libinit2.o)
    0x08000202   0x08000202   0x00000000   Code   RO         2550    .ARM.Collect$$libinit$$0000001B  c_w.l(libinit2.o)
    0x08000202   0x08000202   0x00000000   Code   RO         2552    .ARM.Collect$$libinit$$0000001D  c_w.l(libinit2.o)
    0x08000202   0x08000202   0x00000000   Code   RO         2554    .ARM.Collect$$libinit$$0000001F  c_w.l(libinit2.o)
    0x08000202   0x08000202   0x00000000   Code   RO         2556    .ARM.Collect$$libinit$$00000021  c_w.l(libinit2.o)
    0x08000202   0x08000202   0x00000000   Code   RO         2558    .ARM.Collect$$libinit$$00000023  c_w.l(libinit2.o)
    0x08000202   0x08000202   0x00000000   Code   RO         2560    .ARM.Collect$$libinit$$00000025  c_w.l(libinit2.o)
    0x08000202   0x08000202   0x00000000   Code   RO         2564    .ARM.Collect$$libinit$$0000002C  c_w.l(libinit2.o)
    0x08000202   0x08000202   0x00000000   Code   RO         2566    .ARM.Collect$$libinit$$0000002E  c_w.l(libinit2.o)
    0x08000202   0x08000202   0x00000000   Code   RO         2568    .ARM.Collect$$libinit$$00000030  c_w.l(libinit2.o)
    0x08000202   0x08000202   0x00000000   Code   RO         2570    .ARM.Collect$$libinit$$00000032  c_w.l(libinit2.o)
    0x08000202   0x08000202   0x00000002   Code   RO         2571    .ARM.Collect$$libinit$$00000033  c_w.l(libinit2.o)
    0x08000204   0x08000204   0x00000002   Code   RO         2601    .ARM.Collect$$libshutdown$$00000000  c_w.l(libshutdown.o)
    0x08000206   0x08000206   0x00000000   Code   RO         2612    .ARM.Collect$$libshutdown$$00000002  c_w.l(libshutdown2.o)
    0x08000206   0x08000206   0x00000000   Code   RO         2614    .ARM.Collect$$libshutdown$$00000004  c_w.l(libshutdown2.o)
    0x08000206   0x08000206   0x00000000   Code   RO         2616    .ARM.Collect$$libshutdown$$00000006  c_w.l(libshutdown2.o)
    0x08000206   0x08000206   0x00000000   Code   RO         2619    .ARM.Collect$$libshutdown$$00000009  c_w.l(libshutdown2.o)
    0x08000206   0x08000206   0x00000000   Code   RO         2622    .ARM.Collect$$libshutdown$$0000000C  c_w.l(libshutdown2.o)
    0x08000206   0x08000206   0x00000000   Code   RO         2624    .ARM.Collect$$libshutdown$$0000000E  c_w.l(libshutdown2.o)
    0x08000206   0x08000206   0x00000000   Code   RO         2627    .ARM.Collect$$libshutdown$$00000011  c_w.l(libshutdown2.o)
    0x08000206   0x08000206   0x00000002   Code   RO         2628    .ARM.Collect$$libshutdown$$00000012  c_w.l(libshutdown2.o)
    0x08000208   0x08000208   0x00000000   Code   RO         2437    .ARM.Collect$$rtentry$$00000000  c_w.l(__rtentry.o)
    0x08000208   0x08000208   0x00000000   Code   RO         2455    .ARM.Collect$$rtentry$$00000002  c_w.l(__rtentry2.o)
    0x08000208   0x08000208   0x00000006   Code   RO         2467    .ARM.Collect$$rtentry$$00000004  c_w.l(__rtentry4.o)
    0x0800020e   0x0800020e   0x00000008   Code   RO         2456    .ARM.Collect$$rtentry$$00000008  c_w.l(__rtentry2.o)
    0x08000216   0x08000216   0x00000004   Code   RO         2458    .ARM.Collect$$rtentry$$0000000A  c_w.l(__rtentry2.o)
    0x0800021a   0x0800021a   0x00000000   Code   RO         2460    .ARM.Collect$$rtentry$$0000000C  c_w.l(__rtentry2.o)
    0x0800021a   0x0800021a   0x00000008   Code   RO         2461    .ARM.Collect$$rtentry$$0000000D  c_w.l(__rtentry2.o)
    0x08000222   0x08000222   0x00000002   Code   RO         2572    .ARM.Collect$$rtexit$$00000000  c_w.l(rtexit.o)
    0x08000224   0x08000224   0x00000000   Code   RO         2579    .ARM.Collect$$rtexit$$00000002  c_w.l(rtexit2.o)
    0x08000224   0x08000224   0x00000004   Code   RO         2580    .ARM.Collect$$rtexit$$00000003  c_w.l(rtexit2.o)
    0x08000228   0x08000228   0x00000006   Code   RO         2581    .ARM.Collect$$rtexit$$00000004  c_w.l(rtexit2.o)
    0x0800022e   0x0800022e   0x00000002   PAD
    0x08000230   0x08000230   0x000000de   Code   RO         1504    .emb_text           port.o
    0x0800030e   0x0800030e   0x00000002   PAD
    0x08000310   0x08000310   0x00000040   Code   RO         1196  * .text               startup_stm32l476xx.o
    0x08000350   0x08000350   0x0000008a   Code   RO         2423    .text               c_w.l(rt_memcpy_v6.o)
    0x080003da   0x080003da   0x00000010   Code   RO         2425    .text               c_w.l(aeabi_memset.o)
    0x080003ea   0x080003ea   0x00000006   Code   RO         2429    .text               c_w.l(heapauxi.o)
    0x080003f0   0x080003f0   0x00000064   Code   RO         2445    .text               c_w.l(rt_memcpy_w.o)
    0x08000454   0x08000454   0x00000044   Code   RO         2447    .text               c_w.l(rt_memclr.o)
    0x08000498   0x08000498   0x0000004e   Code   RO         2510    .text               c_w.l(rt_memclr_w.o)
    0x080004e6   0x080004e6   0x00000002   PAD
    0x080004e8   0x080004e8   0x00000008   Code   RO         2516    .text               c_w.l(libspace.o)
    0x080004f0   0x080004f0   0x0000004a   Code   RO         2519    .text               c_w.l(sys_stackheap_outer.o)
    0x0800053a   0x0800053a   0x00000012   Code   RO         2521    .text               c_w.l(exit.o)
    0x0800054c   0x0800054c   0x0000000c   Code   RO         2591    .text               c_w.l(sys_exit.o)
    0x08000558   0x08000558   0x00000002   Code   RO         2602    .text               c_w.l(use_no_semi.o)
    0x0800055a   0x0800055a   0x00000000   Code   RO         2604    .text               c_w.l(indicate_semi.o)
    0x0800055a   0x0800055a   0x0000000c   Code   RO          136    i.LedInit           led.o
    0x08000566   0x08000566   0x00000002   PAD
    0x08000568   0x08000568   0x0000002c   Code   RO          139    i.LedRossoInit      led.o
    0x08000594   0x08000594   0x00000014   Code   RO          143    i.LedRossoToggle    led.o
    0x080005a8   0x080005a8   0x0000002c   Code   RO          147    i.LedVerdeInit      led.o
    0x080005d4   0x080005d4   0x00000040   Code   RO          341    i.SwCenterInit      puls.o
    0x08000614   0x08000614   0x00000040   Code   RO          343    i.SwDownInit        puls.o
    0x08000654   0x08000654   0x00000018   Code   RO          346    i.SwInit            puls.o
    0x0800066c   0x0800066c   0x00000040   Code   RO          350    i.SwLeftInit        puls.o
    0x080006ac   0x080006ac   0x00000040   Code   RO          355    i.SwRightInit       puls.o
    0x080006ec   0x080006ec   0x00000040   Code   RO          358    i.SwUpInit          puls.o
    0x0800072c   0x0800072c   0x00000016   Code   RO          596    i.SysTick_Handler   cmsis_os2.o
    0x08000742   0x08000742   0x00000002   PAD
    0x08000744   0x08000744   0x000000e0   Code   RO         1203    i.SystemCoreClockUpdate  system_stm32l4xx.o
    0x08000824   0x08000824   0x00000048   Code   RO         1204    i.SystemInit        system_stm32l4xx.o
    0x0800086c   0x0800086c   0x00000016   Code   RO          513    i._mutex_acquire    clib_arm.o
    0x08000882   0x08000882   0x00000002   PAD
    0x08000884   0x08000884   0x00000034   Code   RO          514    i._mutex_free       clib_arm.o
    0x080008b8   0x080008b8   0x00000060   Code   RO          515    i._mutex_initialize  clib_arm.o
    0x08000918   0x08000918   0x00000018   Code   RO          516    i._mutex_release    clib_arm.o
    0x08000930   0x08000930   0x00000002   Code   RO          517    i._platform_post_stackheap_init  clib_arm.o
    0x08000932   0x08000932   0x0000002e   Code   RO            6    i.digitalRead       arduino.o
    0x08000960   0x08000960   0x00000088   Code   RO          291    i.main              main.o
    0x080009e8   0x080009e8   0x00000024   Code   RO          518    i.os_kernel_is_active  clib_arm.o
    0x08000a0c   0x08000a0c   0x00000108   Code   RO          103    i.pllInit           clock.o
    0x08000b14   0x08000b14   0x0000007c   Code   RO         1824    i.prvAddCurrentTaskToDelayedList  tasks.o
    0x08000b90   0x08000b90   0x000000b8   Code   RO         1825    i.prvAddNewTaskToReadyList  tasks.o
    0x08000c48   0x08000c48   0x0000005c   Code   RO         2221    i.prvCheckForValidListAndQueue  timers.o
    0x08000ca4   0x08000ca4   0x00000048   Code   RO         1826    i.prvCheckTasksWaitingTermination  tasks.o
    0x08000cec   0x08000cec   0x0000002a   Code   RO         1587    i.prvCopyDataFromQueue  queue.o
    0x08000d16   0x08000d16   0x0000007e   Code   RO         1588    i.prvCopyDataToQueue  queue.o
    0x08000d94   0x08000d94   0x00000028   Code   RO         1827    i.prvDeleteTCB      tasks.o
    0x08000dbc   0x08000dbc   0x00000014   Code   RO         1589    i.prvGetDisinheritPriorityAfterTimeout  queue.o
    0x08000dd0   0x08000dd0   0x00000028   Code   RO         2222    i.prvGetNextExpireTime  timers.o
    0x08000df8   0x08000df8   0x0000007c   Code   RO         1437    i.prvHeapInit       heap_4.o
    0x08000e74   0x08000e74   0x00000028   Code   RO         1828    i.prvIdleTask       tasks.o
    0x08000e9c   0x08000e9c   0x0000001e   Code   RO         1590    i.prvInitialiseMutex  queue.o
    0x08000eba   0x08000eba   0x0000002a   Code   RO         1591    i.prvInitialiseNewQueue  queue.o
    0x08000ee4   0x08000ee4   0x000000a0   Code   RO         1829    i.prvInitialiseNewTask  tasks.o
    0x08000f84   0x08000f84   0x00000068   Code   RO         1830    i.prvInitialiseTaskLists  tasks.o
    0x08000fec   0x08000fec   0x00000068   Code   RO         1438    i.prvInsertBlockIntoFreeList  heap_4.o
    0x08001054   0x08001054   0x00000058   Code   RO         2224    i.prvInsertTimerInActiveList  timers.o
    0x080010ac   0x080010ac   0x0000001a   Code   RO         1592    i.prvIsQueueEmpty   queue.o
    0x080010c6   0x080010c6   0x0000001e   Code   RO         1593    i.prvIsQueueFull    queue.o
    0x080010e4   0x080010e4   0x0000005c   Code   RO         2225    i.prvProcessExpiredTimer  timers.o
    0x08001140   0x08001140   0x0000010c   Code   RO         2226    i.prvProcessReceivedCommands  timers.o
    0x0800124c   0x0800124c   0x00000074   Code   RO         2227    i.prvProcessTimerOrBlockTask  timers.o
    0x080012c0   0x080012c0   0x00000030   Code   RO         1832    i.prvResetNextTaskUnblockTime  tasks.o
    0x080012f0   0x080012f0   0x0000002c   Code   RO         2228    i.prvSampleTimeNow  timers.o
    0x0800131c   0x0800131c   0x00000088   Code   RO         2229    i.prvSwitchTimerLists  timers.o
    0x080013a4   0x080013a4   0x00000016   Code   RO         1505    i.prvTaskExitError  port.o
    0x080013ba   0x080013ba   0x0000001e   Code   RO         1261    i.prvTestWaitCondition  event_groups.o
    0x080013d8   0x080013d8   0x0000001a   Code   RO         2230    i.prvTimerTask      timers.o
    0x080013f2   0x080013f2   0x0000007e   Code   RO         1594    i.prvUnlockQueue    queue.o
    0x08001470   0x08001470   0x000000fc   Code   RO         1439    i.pvPortMalloc      heap_4.o
    0x0800156c   0x0800156c   0x00000020   Code   RO         1835    i.pvTaskIncrementMutexHeldCount  tasks.o
    0x0800158c   0x0800158c   0x0000002c   Code   RO         1506    i.pxPortInitialiseStack  port.o
    0x080015b8   0x080015b8   0x00000028   Code   RO         1386    i.uxListRemove      list.o
    0x080015e0   0x080015e0   0x0000001c   Code   RO         1844    i.uxTaskResetEventItemValue  tasks.o
    0x080015fc   0x080015fc   0x00000018   Code   RO          669    i.vApplicationGetIdleTaskMemory  cmsis_os2.o
    0x08001614   0x08001614   0x00000018   Code   RO          670    i.vApplicationGetTimerTaskMemory  cmsis_os2.o
    0x0800162c   0x0800162c   0x00000002   Code   RO          671    i.vApplicationStackOverflowHook  cmsis_os2.o
    0x0800162e   0x0800162e   0x0000001a   Code   RO         1387    i.vListInitialise   list.o
    0x08001648   0x08001648   0x00000006   Code   RO         1388    i.vListInitialiseItem  list.o
    0x0800164e   0x0800164e   0x00000034   Code   RO         1389    i.vListInsert       list.o
    0x08001682   0x08001682   0x00000018   Code   RO         1390    i.vListInsertEnd    list.o
    0x0800169a   0x0800169a   0x00000002   PAD
    0x0800169c   0x0800169c   0x00000024   Code   RO         1508    i.vPortEnterCritical  port.o
    0x080016c0   0x080016c0   0x00000020   Code   RO         1509    i.vPortExitCritical  port.o
    0x080016e0   0x080016e0   0x00000058   Code   RO         1440    i.vPortFree         heap_4.o
    0x08001738   0x08001738   0x00000028   Code   RO         1510    i.vPortSetupTimerInterrupt  port.o
    0x08001760   0x08001760   0x00000014   Code   RO         1600    i.vQueueDelete      queue.o
    0x08001774   0x08001774   0x0000004a   Code   RO         1602    i.vQueueWaitForMessageRestricted  queue.o
    0x080017be   0x080017be   0x00000002   PAD
    0x080017c0   0x080017c0   0x00000018   Code   RO         1850    i.vTaskInternalSetTimeOutState  tasks.o
    0x080017d8   0x080017d8   0x00000024   Code   RO          292    i.vTaskLedRossoToggle  main.o
    0x080017fc   0x080017fc   0x0000000c   Code   RO         1851    i.vTaskMissedYield  tasks.o
    0x08001808   0x08001808   0x0000002c   Code   RO          293    i.vTaskPA0          main.o
    0x08001834   0x08001834   0x00000020   Code   RO         1852    i.vTaskPlaceOnEventList  tasks.o
    0x08001854   0x08001854   0x00000028   Code   RO         1853    i.vTaskPlaceOnEventListRestricted  tasks.o
    0x0800187c   0x0800187c   0x0000002c   Code   RO         1854    i.vTaskPlaceOnUnorderedEventList  tasks.o
    0x080018a8   0x080018a8   0x0000008c   Code   RO         1855    i.vTaskPriorityDisinheritAfterTimeout  tasks.o
    0x08001934   0x08001934   0x00000060   Code   RO         1857    i.vTaskRemoveFromUnorderedEventList  tasks.o
    0x08001994   0x08001994   0x0000009c   Code   RO         1861    i.vTaskStartScheduler  tasks.o
    0x08001a30   0x08001a30   0x00000010   Code   RO         1863    i.vTaskSuspendAll   tasks.o
    0x08001a40   0x08001a40   0x000000b0   Code   RO         1864    i.vTaskSwitchContext  tasks.o
    0x08001af0   0x08001af0   0x0000001e   Code   RO         1269    i.xEventGroupCreate  event_groups.o
    0x08001b0e   0x08001b0e   0x00000098   Code   RO         1272    i.xEventGroupSetBits  event_groups.o
    0x08001ba6   0x08001ba6   0x00000002   PAD
    0x08001ba8   0x08001ba8   0x000000d2   Code   RO         1275    i.xEventGroupWaitBits  event_groups.o
    0x08001c7a   0x08001c7a   0x00000002   PAD
    0x08001c7c   0x08001c7c   0x00000048   Code   RO         1511    i.xPortStartScheduler  port.o
    0x08001cc4   0x08001cc4   0x00000034   Code   RO         1512    i.xPortSysTickHandler  port.o
    0x08001cf8   0x08001cf8   0x00000022   Code   RO         1605    i.xQueueCreateMutex  queue.o
    0x08001d1a   0x08001d1a   0x0000002a   Code   RO         1606    i.xQueueCreateMutexStatic  queue.o
    0x08001d44   0x08001d44   0x0000003a   Code   RO         1607    i.xQueueGenericCreate  queue.o
    0x08001d7e   0x08001d7e   0x0000002e   Code   RO         1608    i.xQueueGenericCreateStatic  queue.o
    0x08001dac   0x08001dac   0x00000080   Code   RO         1609    i.xQueueGenericReset  queue.o
    0x08001e2c   0x08001e2c   0x00000118   Code   RO         1610    i.xQueueGenericSend  queue.o
    0x08001f44   0x08001f44   0x00000090   Code   RO         1611    i.xQueueGenericSendFromISR  queue.o
    0x08001fd4   0x08001fd4   0x00000104   Code   RO         1620    i.xQueueReceive     queue.o
    0x080020d8   0x080020d8   0x00000130   Code   RO         1622    i.xQueueSemaphoreTake  queue.o
    0x08002208   0x08002208   0x00000060   Code   RO         1866    i.xTaskCheckForTimeOut  tasks.o
    0x08002268   0x08002268   0x0000006a   Code   RO         1867    i.xTaskCreate       tasks.o
    0x080022d2   0x080022d2   0x00000054   Code   RO         1868    i.xTaskCreateStatic  tasks.o
    0x08002326   0x08002326   0x00000002   PAD
    0x08002328   0x08002328   0x00000020   Code   RO         1875    i.xTaskGetSchedulerState  tasks.o
    0x08002348   0x08002348   0x0000000c   Code   RO         1876    i.xTaskGetTickCount  tasks.o
    0x08002354   0x08002354   0x00000118   Code   RO         1878    i.xTaskIncrementTick  tasks.o
    0x0800246c   0x0800246c   0x00000060   Code   RO         1879    i.xTaskPriorityDisinherit  tasks.o
    0x080024cc   0x080024cc   0x000000a4   Code   RO         1880    i.xTaskPriorityInherit  tasks.o
    0x08002570   0x08002570   0x00000080   Code   RO         1881    i.xTaskRemoveFromEventList  tasks.o
    0x080025f0   0x080025f0   0x000000e8   Code   RO         1882    i.xTaskResumeAll    tasks.o
    0x080026d8   0x080026d8   0x00000060   Code   RO         2239    i.xTimerCreateTimerTask  timers.o
    0x08002738   0x08002738   0x0000006c   Code   RO         2240    i.xTimerGenericCommand  timers.o
    0x080027a4   0x080027a4   0x0000000a   Code   RO         2576    x$fpl$fpinit        fz_wm.l(fpinit.o)
    0x080027ae   0x080027ae   0x00000002   PAD
    0x080027b0   0x080027b0   0x00000048   Data   RO         1205    .constdata          system_stm32l4xx.o
    0x080027f8   0x080027f8   0x00000020   Data   RO         2653    Region$$Table       anon$$obj.o


    Execution Region ER_RW (Exec base: 0x20000000, Load base: 0x08002818, Size: 0x00000084, Max: 0xffffffff, ABSOLUTE)

    Exec Addr    Load Addr    Size         Type   Attr      Idx    E Section Name        Object

    0x20000000   0x08002818   0x00000004   Data   RW          294    .data               main.o
    0x20000004   0x0800281c   0x00000001   Data   RW          520    .data               clib_arm.o
    0x20000005   0x0800281d   0x00000003   PAD
    0x20000008   0x08002820   0x00000004   Data   RW         1206    .data               system_stm32l4xx.o
    0x2000000c   0x08002824   0x00000020   Data   RW         1446    .data               heap_4.o
    0x2000002c   0x08002844   0x00000004   Data   RW         1513    .data               port.o
    0x20000030   0x08002848   0x00000040   Data   RW         1885    .data               tasks.o
    0x20000070   0x08002888   0x00000014   Data   RW         2248    .data               timers.o


    Execution Region ER_ZI (Exec base: 0x20000084, Load base: 0x0800289c, Size: 0x0000337c, Max: 0xffffffff, ABSOLUTE)

    Exec Addr    Load Addr    Size         Type   Attr      Idx    E Section Name        Object

    0x20000084        -       0x00000394   Zero   RW          519    .bss                clib_arm.o
    0x20000418        -       0x000003f8   Zero   RW          672    .bss                cmsis_os2.o
    0x20000810        -       0x00002000   Zero   RW         1445    .bss                heap_4.o
    0x20002810        -       0x000004c4   Zero   RW         1884    .bss                tasks.o
    0x20002cd4        -       0x000000c8   Zero   RW         2247    .bss                timers.o
    0x20002d9c        -       0x00000060   Zero   RW         2517    .bss                c_w.l(libspace.o)
    0x20002dfc   0x0800289c   0x00000004   PAD
    0x20002e00        -       0x00000200   Zero   RW         1194    HEAP                startup_stm32l476xx.o
    0x20003000        -       0x00000400   Zero   RW         1193    STACK               startup_stm32l476xx.o


==============================================================================

Image component sizes


      Code (inc. data)   RO Data    RW Data    ZI Data      Debug   Object Name

        46          0          0          0          0     668862   arduino.o
       232         20          0          1        916      20464   clib_arm.o
       264         10          0          0          0        810   clock.o
        72         20          0          0       1016      30055   cmsis_os2.o
       422          6          0          0          0      17163   event_groups.o
       568         72          0         32       8192       4555   heap_4.o
       120         22          0          0          0      15469   led.o
       148          0          0          0          0      13150   list.o
       216         70          0          4          0       3382   main.o
       520         56          0          4          0      10404   port.o
       344         20          0          0          0       3319   puls.o
      1832         18          0          0          0      21030   queue.o
        64         26        392          0       1536        976   startup_stm32l476xx.o
       296         36         72          4          0       2677   system_stm32l4xx.o
      2798        390          0         64       1220      47369   tasks.o
      1106        114          0         20        200      12907   timers.o

    ----------------------------------------------------------------------
      9066        880        496        132      13080     872592   Object Totals
         0          0         32          0          0          0   (incl. Generated)
        18          0          0          3          0          0   (incl. Padding)

    ----------------------------------------------------------------------

      Code (inc. data)   RO Data    RW Data    ZI Data      Debug   Library Member Name

         8          0          0          0          0         68   __main.o
         0          0          0          0          0          0   __rtentry.o
        20          0          0          0          0          0   __rtentry2.o
         6          0          0          0          0          0   __rtentry4.o
        52          8          0          0          0          0   __scatter.o
        26          0          0          0          0          0   __scatter_copy.o
        28          0          0          0          0          0   __scatter_zi.o
        16          0          0          0          0         68   aeabi_memset.o
        18          0          0          0          0         80   exit.o
         6          0          0          0          0        152   heapauxi.o
         0          0          0          0          0          0   indicate_semi.o
         2          0          0          0          0          0   libinit.o
         6          0          0          0          0          0   libinit2.o
         2          0          0          0          0          0   libshutdown.o
         2          0          0          0          0          0   libshutdown2.o
         8          4          0          0         96         68   libspace.o
        68          0          0          0          0         68   rt_memclr.o
        78          0          0          0          0         80   rt_memclr_w.o
       138          0          0          0          0         68   rt_memcpy_v6.o
       100          0          0          0          0         80   rt_memcpy_w.o
         2          0          0          0          0          0   rtexit.o
        10          0          0          0          0          0   rtexit2.o
        12          4          0          0          0         68   sys_exit.o
        74          0          0          0          0         80   sys_stackheap_outer.o
         2          0          0          0          0         68   use_no_semi.o
        10          0          0          0          0        116   fpinit.o

    ----------------------------------------------------------------------
       702         16          0          0        100       1064   Library Totals
         8          0          0          0          4          0   (incl. Padding)

    ----------------------------------------------------------------------

      Code (inc. data)   RO Data    RW Data    ZI Data      Debug   Library Name

       684         16          0          0         96        948   c_w.l
        10          0          0          0          0        116   fz_wm.l

    ----------------------------------------------------------------------
       702         16          0          0        100       1064   Library Totals

    ----------------------------------------------------------------------

==============================================================================


      Code (inc. data)   RO Data    RW Data    ZI Data      Debug   

      9768        896        496        132      13180     862840   Grand Totals
      9768        896        496        132      13180     862840   ELF Image Totals
      9768        896        496        132          0          0   ROM Totals

==============================================================================

    Total RO  Size (Code + RO Data)                10264 (  10.02kB)
    Total RW  Size (RW Data + ZI Data)             13312 (  13.00kB)
    Total ROM Size (Code + RO Data + RW Data)      10396 (  10.15kB)

==============================================================================

